Copyright 1986-2022 Xilinx, Inc. All Rights Reserved. Copyright 2022-2025 Advanced Micro Devices, Inc. All Rights Reserved.
-----------------------------------------------------------------------------------------------------------------------------------------------
| Tool Version : Vivado v.2025.2 (win64) Build 6299465 Fri Nov 14 19:35:11 GMT 2025
| Date         : Thu May 21 14:49:33 2026
| Host         : LAPTOP-V5P4DNLK running 64-bit major release  (build 9200)
| Command      : report_methodology -file top_methodology_drc_routed.rpt -pb top_methodology_drc_routed.pb -rpx top_methodology_drc_routed.rpx
| Design       : top
| Device       : xc7a35tfgg484-2
| Speed File   : -2
| Design State : Fully Routed
-----------------------------------------------------------------------------------------------------------------------------------------------

Report Methodology

Table of Contents
-----------------
1. REPORT SUMMARY
2. REPORT DETAILS

1. REPORT SUMMARY
-----------------
            Netlist: netlist
          Floorplan: design_1
      Design limits: <entire design considered>
             Max checks: <unlimited>
             Checks found: 351
+-----------+------------------+--------------------------------------------------------+--------+
| Rule      | Severity         | Description                                            | Checks |
+-----------+------------------+--------------------------------------------------------+--------+
| TIMING-17 | Critical Warning | Non-clocked sequential cell                            | 344    |
| LUTAR-1   | Warning          | LUT drives async reset alert                           | 4      |
| XDCB-5    | Warning          | Runtime inefficient way to find pin objects            | 2      |
| XDCC-7    | Warning          | Scoped Clock constraint overwritten on the same source | 1      |
+-----------+------------------+--------------------------------------------------------+--------+

2. REPORT DETAILS
-----------------
TIMING-17#1 Critical Warning
Non-clocked sequential cell  
The clock pin config_valid_reg/C is not reached by a timing clock
Related violations: <none>

TIMING-17#2 Critical Warning
Non-clocked sequential cell  
The clock pin test_q_reg/C is not reached by a timing clock
Related violations: <none>

TIMING-17#3 Critical Warning
Non-clocked sequential cell  
The clock pin u_fir/U0/i_synth/g_single_rate.i_single_rate/g_m_data_chan_no_fifo.m_axis_data_tdata_int_reg[10]/C is not reached by a timing clock
Related violations: <none>

TIMING-17#4 Critical Warning
Non-clocked sequential cell  
The clock pin u_fir/U0/i_synth/g_single_rate.i_single_rate/g_m_data_chan_no_fifo.m_axis_data_tdata_int_reg[11]/C is not reached by a timing clock
Related violations: <none>

TIMING-17#5 Critical Warning
Non-clocked sequential cell  
The clock pin u_fir/U0/i_synth/g_single_rate.i_single_rate/g_m_data_chan_no_fifo.m_axis_data_tdata_int_reg[12]/C is not reached by a timing clock
Related violations: <none>

TIMING-17#6 Critical Warning
Non-clocked sequential cell  
The clock pin u_fir/U0/i_synth/g_single_rate.i_single_rate/g_m_data_chan_no_fifo.m_axis_data_tdata_int_reg[13]/C is not reached by a timing clock
Related violations: <none>

TIMING-17#7 Critical Warning
Non-clocked sequential cell  
The clock pin u_fir/U0/i_synth/g_single_rate.i_single_rate/g_m_data_chan_no_fifo.m_axis_data_tdata_int_reg[14]/C is not reached by a timing clock
Related violations: <none>

TIMING-17#8 Critical Warning
Non-clocked sequential cell  
The clock pin u_fir/U0/i_synth/g_single_rate.i_single_rate/g_m_data_chan_no_fifo.m_axis_data_tdata_int_reg[15]/C is not reached by a timing clock
Related violations: <none>

TIMING-17#9 Critical Warning
Non-clocked sequential cell  
The clock pin u_fir/U0/i_synth/g_single_rate.i_single_rate/g_m_data_chan_no_fifo.m_axis_data_tdata_int_reg[16]/C is not reached by a timing clock
Related violations: <none>

TIMING-17#10 Critical Warning
Non-clocked sequential cell  
The clock pin u_fir/U0/i_synth/g_single_rate.i_single_rate/g_m_data_chan_no_fifo.m_axis_data_tdata_int_reg[17]/C is not reached by a timing clock
Related violations: <none>

TIMING-17#11 Critical Warning
Non-clocked sequential cell  
The clock pin u_fir/U0/i_synth/g_single_rate.i_single_rate/g_m_data_chan_no_fifo.m_axis_data_tdata_int_reg[18]/C is not reached by a timing clock
Related violations: <none>

TIMING-17#12 Critical Warning
Non-clocked sequential cell  
The clock pin u_fir/U0/i_synth/g_single_rate.i_single_rate/g_m_data_chan_no_fifo.m_axis_data_tdata_int_reg[19]/C is not reached by a timing clock
Related violations: <none>

TIMING-17#13 Critical Warning
Non-clocked sequential cell  
The clock pin u_fir/U0/i_synth/g_single_rate.i_single_rate/g_m_data_chan_no_fifo.m_axis_data_tdata_int_reg[20]/C is not reached by a timing clock
Related violations: <none>

TIMING-17#14 Critical Warning
Non-clocked sequential cell  
The clock pin u_fir/U0/i_synth/g_single_rate.i_single_rate/g_m_data_chan_no_fifo.m_axis_data_tdata_int_reg[21]/C is not reached by a timing clock
Related violations: <none>

TIMING-17#15 Critical Warning
Non-clocked sequential cell  
The clock pin u_fir/U0/i_synth/g_single_rate.i_single_rate/g_m_data_chan_no_fifo.m_axis_data_tdata_int_reg[22]/C is not reached by a timing clock
Related violations: <none>

TIMING-17#16 Critical Warning
Non-clocked sequential cell  
The clock pin u_fir/U0/i_synth/g_single_rate.i_single_rate/g_m_data_chan_no_fifo.m_axis_data_tdata_int_reg[23]/C is not reached by a timing clock
Related violations: <none>

TIMING-17#17 Critical Warning
Non-clocked sequential cell  
The clock pin u_fir/U0/i_synth/g_single_rate.i_single_rate/g_m_data_chan_no_fifo.m_axis_data_tdata_int_reg[24]/C is not reached by a timing clock
Related violations: <none>

TIMING-17#18 Critical Warning
Non-clocked sequential cell  
The clock pin u_fir/U0/i_synth/g_single_rate.i_single_rate/g_m_data_chan_no_fifo.m_axis_data_tdata_int_reg[25]/C is not reached by a timing clock
Related violations: <none>

TIMING-17#19 Critical Warning
Non-clocked sequential cell  
The clock pin u_fir/U0/i_synth/g_single_rate.i_single_rate/g_m_data_chan_no_fifo.m_axis_data_tdata_int_reg[26]/C is not reached by a timing clock
Related violations: <none>

TIMING-17#20 Critical Warning
Non-clocked sequential cell  
The clock pin u_fir/U0/i_synth/g_single_rate.i_single_rate/g_m_data_chan_no_fifo.m_axis_data_tdata_int_reg[27]/C is not reached by a timing clock
Related violations: <none>

TIMING-17#21 Critical Warning
Non-clocked sequential cell  
The clock pin u_fir/U0/i_synth/g_single_rate.i_single_rate/g_m_data_chan_no_fifo.m_axis_data_tdata_int_reg[28]/C is not reached by a timing clock
Related violations: <none>

TIMING-17#22 Critical Warning
Non-clocked sequential cell  
The clock pin u_fir/U0/i_synth/g_single_rate.i_single_rate/g_m_data_chan_no_fifo.m_axis_data_tdata_int_reg[29]/C is not reached by a timing clock
Related violations: <none>

TIMING-17#23 Critical Warning
Non-clocked sequential cell  
The clock pin u_fir/U0/i_synth/g_single_rate.i_single_rate/g_m_data_chan_no_fifo.m_axis_data_tdata_int_reg[30]/C is not reached by a timing clock
Related violations: <none>

TIMING-17#24 Critical Warning
Non-clocked sequential cell  
The clock pin u_fir/U0/i_synth/g_single_rate.i_single_rate/g_m_data_chan_no_fifo.m_axis_data_tdata_int_reg[31]/C is not reached by a timing clock
Related violations: <none>

TIMING-17#25 Critical Warning
Non-clocked sequential cell  
The clock pin u_fir/U0/i_synth/g_single_rate.i_single_rate/g_m_data_chan_no_fifo.m_axis_data_tdata_int_reg[32]/C is not reached by a timing clock
Related violations: <none>

TIMING-17#26 Critical Warning
Non-clocked sequential cell  
The clock pin u_fir/U0/i_synth/g_single_rate.i_single_rate/g_m_data_chan_no_fifo.m_axis_data_tdata_int_reg[33]/C is not reached by a timing clock
Related violations: <none>

TIMING-17#27 Critical Warning
Non-clocked sequential cell  
The clock pin u_fir/U0/i_synth/g_single_rate.i_single_rate/g_m_data_chan_no_fifo.m_axis_data_tdata_int_reg[8]/C is not reached by a timing clock
Related violations: <none>

TIMING-17#28 Critical Warning
Non-clocked sequential cell  
The clock pin u_fir/U0/i_synth/g_single_rate.i_single_rate/g_m_data_chan_no_fifo.m_axis_data_tdata_int_reg[9]/C is not reached by a timing clock
Related violations: <none>

TIMING-17#29 Critical Warning
Non-clocked sequential cell  
The clock pin u_fir/U0/i_synth/g_single_rate.i_single_rate/g_m_data_chan_no_fifo.m_axis_data_tvalid_int_reg/C is not reached by a timing clock
Related violations: <none>

TIMING-17#30 Critical Warning
Non-clocked sequential cell  
The clock pin u_fir/U0/i_synth/g_single_rate.i_single_rate/g_s_data_chan_fifo.i_s_data_chan_fifo/fifo0/add_1_reg[0]/C is not reached by a timing clock
Related violations: <none>

TIMING-17#31 Critical Warning
Non-clocked sequential cell  
The clock pin u_fir/U0/i_synth/g_single_rate.i_single_rate/g_s_data_chan_fifo.i_s_data_chan_fifo/fifo0/add_1_reg[1]/C is not reached by a timing clock
Related violations: <none>

TIMING-17#32 Critical Warning
Non-clocked sequential cell  
The clock pin u_fir/U0/i_synth/g_single_rate.i_single_rate/g_s_data_chan_fifo.i_s_data_chan_fifo/fifo0/add_1_reg[2]/C is not reached by a timing clock
Related violations: <none>

TIMING-17#33 Critical Warning
Non-clocked sequential cell  
The clock pin u_fir/U0/i_synth/g_single_rate.i_single_rate/g_s_data_chan_fifo.i_s_data_chan_fifo/fifo0/add_1_reg[3]/C is not reached by a timing clock
Related violations: <none>

TIMING-17#34 Critical Warning
Non-clocked sequential cell  
The clock pin u_fir/U0/i_synth/g_single_rate.i_single_rate/g_s_data_chan_fifo.i_s_data_chan_fifo/fifo0/add_1_reg[4]/C is not reached by a timing clock
Related violations: <none>

TIMING-17#35 Critical Warning
Non-clocked sequential cell  
The clock pin u_fir/U0/i_synth/g_single_rate.i_single_rate/g_s_data_chan_fifo.i_s_data_chan_fifo/fifo0/fifo_1_reg[15][0]_srl16/CLK is not reached by a timing clock
Related violations: <none>

TIMING-17#36 Critical Warning
Non-clocked sequential cell  
The clock pin u_fir/U0/i_synth/g_single_rate.i_single_rate/g_s_data_chan_fifo.i_s_data_chan_fifo/fifo0/fifo_1_reg[15][10]_srl16/CLK is not reached by a timing clock
Related violations: <none>

TIMING-17#37 Critical Warning
Non-clocked sequential cell  
The clock pin u_fir/U0/i_synth/g_single_rate.i_single_rate/g_s_data_chan_fifo.i_s_data_chan_fifo/fifo0/fifo_1_reg[15][11]_srl16/CLK is not reached by a timing clock
Related violations: <none>

TIMING-17#38 Critical Warning
Non-clocked sequential cell  
The clock pin u_fir/U0/i_synth/g_single_rate.i_single_rate/g_s_data_chan_fifo.i_s_data_chan_fifo/fifo0/fifo_1_reg[15][12]_srl16/CLK is not reached by a timing clock
Related violations: <none>

TIMING-17#39 Critical Warning
Non-clocked sequential cell  
The clock pin u_fir/U0/i_synth/g_single_rate.i_single_rate/g_s_data_chan_fifo.i_s_data_chan_fifo/fifo0/fifo_1_reg[15][13]_srl16/CLK is not reached by a timing clock
Related violations: <none>

TIMING-17#40 Critical Warning
Non-clocked sequential cell  
The clock pin u_fir/U0/i_synth/g_single_rate.i_single_rate/g_s_data_chan_fifo.i_s_data_chan_fifo/fifo0/fifo_1_reg[15][14]_srl16/CLK is not reached by a timing clock
Related violations: <none>

TIMING-17#41 Critical Warning
Non-clocked sequential cell  
The clock pin u_fir/U0/i_synth/g_single_rate.i_single_rate/g_s_data_chan_fifo.i_s_data_chan_fifo/fifo0/fifo_1_reg[15][15]_srl16/CLK is not reached by a timing clock
Related violations: <none>

TIMING-17#42 Critical Warning
Non-clocked sequential cell  
The clock pin u_fir/U0/i_synth/g_single_rate.i_single_rate/g_s_data_chan_fifo.i_s_data_chan_fifo/fifo0/fifo_1_reg[15][1]_srl16/CLK is not reached by a timing clock
Related violations: <none>

TIMING-17#43 Critical Warning
Non-clocked sequential cell  
The clock pin u_fir/U0/i_synth/g_single_rate.i_single_rate/g_s_data_chan_fifo.i_s_data_chan_fifo/fifo0/fifo_1_reg[15][2]_srl16/CLK is not reached by a timing clock
Related violations: <none>

TIMING-17#44 Critical Warning
Non-clocked sequential cell  
The clock pin u_fir/U0/i_synth/g_single_rate.i_single_rate/g_s_data_chan_fifo.i_s_data_chan_fifo/fifo0/fifo_1_reg[15][3]_srl16/CLK is not reached by a timing clock
Related violations: <none>

TIMING-17#45 Critical Warning
Non-clocked sequential cell  
The clock pin u_fir/U0/i_synth/g_single_rate.i_single_rate/g_s_data_chan_fifo.i_s_data_chan_fifo/fifo0/fifo_1_reg[15][4]_srl16/CLK is not reached by a timing clock
Related violations: <none>

TIMING-17#46 Critical Warning
Non-clocked sequential cell  
The clock pin u_fir/U0/i_synth/g_single_rate.i_single_rate/g_s_data_chan_fifo.i_s_data_chan_fifo/fifo0/fifo_1_reg[15][5]_srl16/CLK is not reached by a timing clock
Related violations: <none>

TIMING-17#47 Critical Warning
Non-clocked sequential cell  
The clock pin u_fir/U0/i_synth/g_single_rate.i_single_rate/g_s_data_chan_fifo.i_s_data_chan_fifo/fifo0/fifo_1_reg[15][6]_srl16/CLK is not reached by a timing clock
Related violations: <none>

TIMING-17#48 Critical Warning
Non-clocked sequential cell  
The clock pin u_fir/U0/i_synth/g_single_rate.i_single_rate/g_s_data_chan_fifo.i_s_data_chan_fifo/fifo0/fifo_1_reg[15][7]_srl16/CLK is not reached by a timing clock
Related violations: <none>

TIMING-17#49 Critical Warning
Non-clocked sequential cell  
The clock pin u_fir/U0/i_synth/g_single_rate.i_single_rate/g_s_data_chan_fifo.i_s_data_chan_fifo/fifo0/fifo_1_reg[15][8]_srl16/CLK is not reached by a timing clock
Related violations: <none>

TIMING-17#50 Critical Warning
Non-clocked sequential cell  
The clock pin u_fir/U0/i_synth/g_single_rate.i_single_rate/g_s_data_chan_fifo.i_s_data_chan_fifo/fifo0/fifo_1_reg[15][9]_srl16/CLK is not reached by a timing clock
Related violations: <none>

TIMING-17#51 Critical Warning
Non-clocked sequential cell  
The clock pin u_fir/U0/i_synth/g_single_rate.i_single_rate/g_s_data_chan_fifo.i_s_data_chan_fifo/fifo0/fifo_2_reg[0]/C is not reached by a timing clock
Related violations: <none>

TIMING-17#52 Critical Warning
Non-clocked sequential cell  
The clock pin u_fir/U0/i_synth/g_single_rate.i_single_rate/g_s_data_chan_fifo.i_s_data_chan_fifo/fifo0/fifo_2_reg[10]/C is not reached by a timing clock
Related violations: <none>

TIMING-17#53 Critical Warning
Non-clocked sequential cell  
The clock pin u_fir/U0/i_synth/g_single_rate.i_single_rate/g_s_data_chan_fifo.i_s_data_chan_fifo/fifo0/fifo_2_reg[11]/C is not reached by a timing clock
Related violations: <none>

TIMING-17#54 Critical Warning
Non-clocked sequential cell  
The clock pin u_fir/U0/i_synth/g_single_rate.i_single_rate/g_s_data_chan_fifo.i_s_data_chan_fifo/fifo0/fifo_2_reg[12]/C is not reached by a timing clock
Related violations: <none>

TIMING-17#55 Critical Warning
Non-clocked sequential cell  
The clock pin u_fir/U0/i_synth/g_single_rate.i_single_rate/g_s_data_chan_fifo.i_s_data_chan_fifo/fifo0/fifo_2_reg[13]/C is not reached by a timing clock
Related violations: <none>

TIMING-17#56 Critical Warning
Non-clocked sequential cell  
The clock pin u_fir/U0/i_synth/g_single_rate.i_single_rate/g_s_data_chan_fifo.i_s_data_chan_fifo/fifo0/fifo_2_reg[14]/C is not reached by a timing clock
Related violations: <none>

TIMING-17#57 Critical Warning
Non-clocked sequential cell  
The clock pin u_fir/U0/i_synth/g_single_rate.i_single_rate/g_s_data_chan_fifo.i_s_data_chan_fifo/fifo0/fifo_2_reg[15]/C is not reached by a timing clock
Related violations: <none>

TIMING-17#58 Critical Warning
Non-clocked sequential cell  
The clock pin u_fir/U0/i_synth/g_single_rate.i_single_rate/g_s_data_chan_fifo.i_s_data_chan_fifo/fifo0/fifo_2_reg[1]/C is not reached by a timing clock
Related violations: <none>

TIMING-17#59 Critical Warning
Non-clocked sequential cell  
The clock pin u_fir/U0/i_synth/g_single_rate.i_single_rate/g_s_data_chan_fifo.i_s_data_chan_fifo/fifo0/fifo_2_reg[2]/C is not reached by a timing clock
Related violations: <none>

TIMING-17#60 Critical Warning
Non-clocked sequential cell  
The clock pin u_fir/U0/i_synth/g_single_rate.i_single_rate/g_s_data_chan_fifo.i_s_data_chan_fifo/fifo0/fifo_2_reg[3]/C is not reached by a timing clock
Related violations: <none>

TIMING-17#61 Critical Warning
Non-clocked sequential cell  
The clock pin u_fir/U0/i_synth/g_single_rate.i_single_rate/g_s_data_chan_fifo.i_s_data_chan_fifo/fifo0/fifo_2_reg[4]/C is not reached by a timing clock
Related violations: <none>

TIMING-17#62 Critical Warning
Non-clocked sequential cell  
The clock pin u_fir/U0/i_synth/g_single_rate.i_single_rate/g_s_data_chan_fifo.i_s_data_chan_fifo/fifo0/fifo_2_reg[5]/C is not reached by a timing clock
Related violations: <none>

TIMING-17#63 Critical Warning
Non-clocked sequential cell  
The clock pin u_fir/U0/i_synth/g_single_rate.i_single_rate/g_s_data_chan_fifo.i_s_data_chan_fifo/fifo0/fifo_2_reg[6]/C is not reached by a timing clock
Related violations: <none>

TIMING-17#64 Critical Warning
Non-clocked sequential cell  
The clock pin u_fir/U0/i_synth/g_single_rate.i_single_rate/g_s_data_chan_fifo.i_s_data_chan_fifo/fifo0/fifo_2_reg[7]/C is not reached by a timing clock
Related violations: <none>

TIMING-17#65 Critical Warning
Non-clocked sequential cell  
The clock pin u_fir/U0/i_synth/g_single_rate.i_single_rate/g_s_data_chan_fifo.i_s_data_chan_fifo/fifo0/fifo_2_reg[8]/C is not reached by a timing clock
Related violations: <none>

TIMING-17#66 Critical Warning
Non-clocked sequential cell  
The clock pin u_fir/U0/i_synth/g_single_rate.i_single_rate/g_s_data_chan_fifo.i_s_data_chan_fifo/fifo0/fifo_2_reg[9]/C is not reached by a timing clock
Related violations: <none>

TIMING-17#67 Critical Warning
Non-clocked sequential cell  
The clock pin u_fir/U0/i_synth/g_single_rate.i_single_rate/g_s_data_chan_fifo.i_s_data_chan_fifo/fifo0/not_afull_1_reg/C is not reached by a timing clock
Related violations: <none>

TIMING-17#68 Critical Warning
Non-clocked sequential cell  
The clock pin u_fir/U0/i_synth/g_single_rate.i_single_rate/g_s_data_chan_fifo.i_s_data_chan_fifo/fifo0/not_empty_1_reg/C is not reached by a timing clock
Related violations: <none>

TIMING-17#69 Critical Warning
Non-clocked sequential cell  
The clock pin u_fir/U0/i_synth/g_single_rate.i_single_rate/g_s_data_chan_fifo.i_s_data_chan_fifo/fifo_wr_data_1_reg[0]/C is not reached by a timing clock
Related violations: <none>

TIMING-17#70 Critical Warning
Non-clocked sequential cell  
The clock pin u_fir/U0/i_synth/g_single_rate.i_single_rate/g_s_data_chan_fifo.i_s_data_chan_fifo/fifo_wr_data_1_reg[10]/C is not reached by a timing clock
Related violations: <none>

TIMING-17#71 Critical Warning
Non-clocked sequential cell  
The clock pin u_fir/U0/i_synth/g_single_rate.i_single_rate/g_s_data_chan_fifo.i_s_data_chan_fifo/fifo_wr_data_1_reg[11]/C is not reached by a timing clock
Related violations: <none>

TIMING-17#72 Critical Warning
Non-clocked sequential cell  
The clock pin u_fir/U0/i_synth/g_single_rate.i_single_rate/g_s_data_chan_fifo.i_s_data_chan_fifo/fifo_wr_data_1_reg[12]/C is not reached by a timing clock
Related violations: <none>

TIMING-17#73 Critical Warning
Non-clocked sequential cell  
The clock pin u_fir/U0/i_synth/g_single_rate.i_single_rate/g_s_data_chan_fifo.i_s_data_chan_fifo/fifo_wr_data_1_reg[13]/C is not reached by a timing clock
Related violations: <none>

TIMING-17#74 Critical Warning
Non-clocked sequential cell  
The clock pin u_fir/U0/i_synth/g_single_rate.i_single_rate/g_s_data_chan_fifo.i_s_data_chan_fifo/fifo_wr_data_1_reg[14]/C is not reached by a timing clock
Related violations: <none>

TIMING-17#75 Critical Warning
Non-clocked sequential cell  
The clock pin u_fir/U0/i_synth/g_single_rate.i_single_rate/g_s_data_chan_fifo.i_s_data_chan_fifo/fifo_wr_data_1_reg[15]/C is not reached by a timing clock
Related violations: <none>

TIMING-17#76 Critical Warning
Non-clocked sequential cell  
The clock pin u_fir/U0/i_synth/g_single_rate.i_single_rate/g_s_data_chan_fifo.i_s_data_chan_fifo/fifo_wr_data_1_reg[1]/C is not reached by a timing clock
Related violations: <none>

TIMING-17#77 Critical Warning
Non-clocked sequential cell  
The clock pin u_fir/U0/i_synth/g_single_rate.i_single_rate/g_s_data_chan_fifo.i_s_data_chan_fifo/fifo_wr_data_1_reg[2]/C is not reached by a timing clock
Related violations: <none>

TIMING-17#78 Critical Warning
Non-clocked sequential cell  
The clock pin u_fir/U0/i_synth/g_single_rate.i_single_rate/g_s_data_chan_fifo.i_s_data_chan_fifo/fifo_wr_data_1_reg[3]/C is not reached by a timing clock
Related violations: <none>

TIMING-17#79 Critical Warning
Non-clocked sequential cell  
The clock pin u_fir/U0/i_synth/g_single_rate.i_single_rate/g_s_data_chan_fifo.i_s_data_chan_fifo/fifo_wr_data_1_reg[4]/C is not reached by a timing clock
Related violations: <none>

TIMING-17#80 Critical Warning
Non-clocked sequential cell  
The clock pin u_fir/U0/i_synth/g_single_rate.i_single_rate/g_s_data_chan_fifo.i_s_data_chan_fifo/fifo_wr_data_1_reg[5]/C is not reached by a timing clock
Related violations: <none>

TIMING-17#81 Critical Warning
Non-clocked sequential cell  
The clock pin u_fir/U0/i_synth/g_single_rate.i_single_rate/g_s_data_chan_fifo.i_s_data_chan_fifo/fifo_wr_data_1_reg[6]/C is not reached by a timing clock
Related violations: <none>

TIMING-17#82 Critical Warning
Non-clocked sequential cell  
The clock pin u_fir/U0/i_synth/g_single_rate.i_single_rate/g_s_data_chan_fifo.i_s_data_chan_fifo/fifo_wr_data_1_reg[7]/C is not reached by a timing clock
Related violations: <none>

TIMING-17#83 Critical Warning
Non-clocked sequential cell  
The clock pin u_fir/U0/i_synth/g_single_rate.i_single_rate/g_s_data_chan_fifo.i_s_data_chan_fifo/fifo_wr_data_1_reg[8]/C is not reached by a timing clock
Related violations: <none>

TIMING-17#84 Critical Warning
Non-clocked sequential cell  
The clock pin u_fir/U0/i_synth/g_single_rate.i_single_rate/g_s_data_chan_fifo.i_s_data_chan_fifo/fifo_wr_data_1_reg[9]/C is not reached by a timing clock
Related violations: <none>

TIMING-17#85 Critical Warning
Non-clocked sequential cell  
The clock pin u_fir/U0/i_synth/g_single_rate.i_single_rate/g_s_data_chan_fifo.i_s_data_chan_fifo/fifo_wr_enable_1_reg/C is not reached by a timing clock
Related violations: <none>

TIMING-17#86 Critical Warning
Non-clocked sequential cell  
The clock pin u_fir/U0/i_synth/g_single_rate.i_single_rate/g_s_data_chan_fifo.i_s_data_chan_fifo/ifx_ready_1_reg/C is not reached by a timing clock
Related violations: <none>

TIMING-17#87 Critical Warning
Non-clocked sequential cell  
The clock pin u_fir/U0/i_synth/g_single_rate.i_single_rate/g_semi_parallel_and_smac.base_cnt_reg[0]/C is not reached by a timing clock
Related violations: <none>

TIMING-17#88 Critical Warning
Non-clocked sequential cell  
The clock pin u_fir/U0/i_synth/g_single_rate.i_single_rate/g_semi_parallel_and_smac.base_cnt_reg[1]/C is not reached by a timing clock
Related violations: <none>

TIMING-17#89 Critical Warning
Non-clocked sequential cell  
The clock pin u_fir/U0/i_synth/g_single_rate.i_single_rate/g_semi_parallel_and_smac.base_cnt_reg[2]/C is not reached by a timing clock
Related violations: <none>

TIMING-17#90 Critical Warning
Non-clocked sequential cell  
The clock pin u_fir/U0/i_synth/g_single_rate.i_single_rate/g_semi_parallel_and_smac.base_cnt_reg[3]/C is not reached by a timing clock
Related violations: <none>

TIMING-17#91 Critical Warning
Non-clocked sequential cell  
The clock pin u_fir/U0/i_synth/g_single_rate.i_single_rate/g_semi_parallel_and_smac.base_en_reg/C is not reached by a timing clock
Related violations: <none>

TIMING-17#92 Critical Warning
Non-clocked sequential cell  
The clock pin u_fir/U0/i_synth/g_single_rate.i_single_rate/g_semi_parallel_and_smac.base_max_flush_reg/C is not reached by a timing clock
Related violations: <none>

TIMING-17#93 Critical Warning
Non-clocked sequential cell  
The clock pin u_fir/U0/i_synth/g_single_rate.i_single_rate/g_semi_parallel_and_smac.base_max_reg/C is not reached by a timing clock
Related violations: <none>

TIMING-17#94 Critical Warning
Non-clocked sequential cell  
The clock pin u_fir/U0/i_synth/g_single_rate.i_single_rate/g_semi_parallel_and_smac.g_cntrl_signals[7].i_delay/gen_reg.d_reg_reg[0]/C is not reached by a timing clock
Related violations: <none>

TIMING-17#95 Critical Warning
Non-clocked sequential cell  
The clock pin u_fir/U0/i_synth/g_single_rate.i_single_rate/g_semi_parallel_and_smac.g_cntrl_signals[8].i_delay/gen_reg.d_reg_reg[0]/C is not reached by a timing clock
Related violations: <none>

TIMING-17#96 Critical Warning
Non-clocked sequential cell  
The clock pin u_fir/U0/i_synth/g_single_rate.i_single_rate/g_semi_parallel_and_smac.g_paths[0].g_data_array.g_madd[0].g_wrap_buff.i_data_wrap_buff/g_buff.i_buff/gen_reg.d_reg_reg[0]/C is not reached by a timing clock
Related violations: <none>

TIMING-17#97 Critical Warning
Non-clocked sequential cell  
The clock pin u_fir/U0/i_synth/g_single_rate.i_single_rate/g_semi_parallel_and_smac.g_paths[0].g_data_array.g_madd[0].g_wrap_buff.i_data_wrap_buff/g_buff.i_buff/gen_reg.d_reg_reg[10]/C is not reached by a timing clock
Related violations: <none>

TIMING-17#98 Critical Warning
Non-clocked sequential cell  
The clock pin u_fir/U0/i_synth/g_single_rate.i_single_rate/g_semi_parallel_and_smac.g_paths[0].g_data_array.g_madd[0].g_wrap_buff.i_data_wrap_buff/g_buff.i_buff/gen_reg.d_reg_reg[11]/C is not reached by a timing clock
Related violations: <none>

TIMING-17#99 Critical Warning
Non-clocked sequential cell  
The clock pin u_fir/U0/i_synth/g_single_rate.i_single_rate/g_semi_parallel_and_smac.g_paths[0].g_data_array.g_madd[0].g_wrap_buff.i_data_wrap_buff/g_buff.i_buff/gen_reg.d_reg_reg[12]/C is not reached by a timing clock
Related violations: <none>

TIMING-17#100 Critical Warning
Non-clocked sequential cell  
The clock pin u_fir/U0/i_synth/g_single_rate.i_single_rate/g_semi_parallel_and_smac.g_paths[0].g_data_array.g_madd[0].g_wrap_buff.i_data_wrap_buff/g_buff.i_buff/gen_reg.d_reg_reg[13]/C is not reached by a timing clock
Related violations: <none>

TIMING-17#101 Critical Warning
Non-clocked sequential cell  
The clock pin u_fir/U0/i_synth/g_single_rate.i_single_rate/g_semi_parallel_and_smac.g_paths[0].g_data_array.g_madd[0].g_wrap_buff.i_data_wrap_buff/g_buff.i_buff/gen_reg.d_reg_reg[14]/C is not reached by a timing clock
Related violations: <none>

TIMING-17#102 Critical Warning
Non-clocked sequential cell  
The clock pin u_fir/U0/i_synth/g_single_rate.i_single_rate/g_semi_parallel_and_smac.g_paths[0].g_data_array.g_madd[0].g_wrap_buff.i_data_wrap_buff/g_buff.i_buff/gen_reg.d_reg_reg[15]/C is not reached by a timing clock
Related violations: <none>

TIMING-17#103 Critical Warning
Non-clocked sequential cell  
The clock pin u_fir/U0/i_synth/g_single_rate.i_single_rate/g_semi_parallel_and_smac.g_paths[0].g_data_array.g_madd[0].g_wrap_buff.i_data_wrap_buff/g_buff.i_buff/gen_reg.d_reg_reg[1]/C is not reached by a timing clock
Related violations: <none>

TIMING-17#104 Critical Warning
Non-clocked sequential cell  
The clock pin u_fir/U0/i_synth/g_single_rate.i_single_rate/g_semi_parallel_and_smac.g_paths[0].g_data_array.g_madd[0].g_wrap_buff.i_data_wrap_buff/g_buff.i_buff/gen_reg.d_reg_reg[2]/C is not reached by a timing clock
Related violations: <none>

TIMING-17#105 Critical Warning
Non-clocked sequential cell  
The clock pin u_fir/U0/i_synth/g_single_rate.i_single_rate/g_semi_parallel_and_smac.g_paths[0].g_data_array.g_madd[0].g_wrap_buff.i_data_wrap_buff/g_buff.i_buff/gen_reg.d_reg_reg[3]/C is not reached by a timing clock
Related violations: <none>

TIMING-17#106 Critical Warning
Non-clocked sequential cell  
The clock pin u_fir/U0/i_synth/g_single_rate.i_single_rate/g_semi_parallel_and_smac.g_paths[0].g_data_array.g_madd[0].g_wrap_buff.i_data_wrap_buff/g_buff.i_buff/gen_reg.d_reg_reg[4]/C is not reached by a timing clock
Related violations: <none>

TIMING-17#107 Critical Warning
Non-clocked sequential cell  
The clock pin u_fir/U0/i_synth/g_single_rate.i_single_rate/g_semi_parallel_and_smac.g_paths[0].g_data_array.g_madd[0].g_wrap_buff.i_data_wrap_buff/g_buff.i_buff/gen_reg.d_reg_reg[5]/C is not reached by a timing clock
Related violations: <none>

TIMING-17#108 Critical Warning
Non-clocked sequential cell  
The clock pin u_fir/U0/i_synth/g_single_rate.i_single_rate/g_semi_parallel_and_smac.g_paths[0].g_data_array.g_madd[0].g_wrap_buff.i_data_wrap_buff/g_buff.i_buff/gen_reg.d_reg_reg[6]/C is not reached by a timing clock
Related violations: <none>

TIMING-17#109 Critical Warning
Non-clocked sequential cell  
The clock pin u_fir/U0/i_synth/g_single_rate.i_single_rate/g_semi_parallel_and_smac.g_paths[0].g_data_array.g_madd[0].g_wrap_buff.i_data_wrap_buff/g_buff.i_buff/gen_reg.d_reg_reg[7]/C is not reached by a timing clock
Related violations: <none>

TIMING-17#110 Critical Warning
Non-clocked sequential cell  
The clock pin u_fir/U0/i_synth/g_single_rate.i_single_rate/g_semi_parallel_and_smac.g_paths[0].g_data_array.g_madd[0].g_wrap_buff.i_data_wrap_buff/g_buff.i_buff/gen_reg.d_reg_reg[8]/C is not reached by a timing clock
Related violations: <none>

TIMING-17#111 Critical Warning
Non-clocked sequential cell  
The clock pin u_fir/U0/i_synth/g_single_rate.i_single_rate/g_semi_parallel_and_smac.g_paths[0].g_data_array.g_madd[0].g_wrap_buff.i_data_wrap_buff/g_buff.i_buff/gen_reg.d_reg_reg[9]/C is not reached by a timing clock
Related violations: <none>

TIMING-17#112 Critical Warning
Non-clocked sequential cell  
The clock pin u_fir/U0/i_synth/g_single_rate.i_single_rate/g_semi_parallel_and_smac.g_paths[0].g_mem_array[0].i_mem/g_individual.g_mem_b.i_mem_b/gen_srl16.gen_mem.d_out_reg[0]/C is not reached by a timing clock
Related violations: <none>

TIMING-17#113 Critical Warning
Non-clocked sequential cell  
The clock pin u_fir/U0/i_synth/g_single_rate.i_single_rate/g_semi_parallel_and_smac.g_paths[0].g_mem_array[0].i_mem/g_individual.g_mem_b.i_mem_b/gen_srl16.gen_mem.d_out_reg[10]/C is not reached by a timing clock
Related violations: <none>

TIMING-17#114 Critical Warning
Non-clocked sequential cell  
The clock pin u_fir/U0/i_synth/g_single_rate.i_single_rate/g_semi_parallel_and_smac.g_paths[0].g_mem_array[0].i_mem/g_individual.g_mem_b.i_mem_b/gen_srl16.gen_mem.d_out_reg[11]/C is not reached by a timing clock
Related violations: <none>

TIMING-17#115 Critical Warning
Non-clocked sequential cell  
The clock pin u_fir/U0/i_synth/g_single_rate.i_single_rate/g_semi_parallel_and_smac.g_paths[0].g_mem_array[0].i_mem/g_individual.g_mem_b.i_mem_b/gen_srl16.gen_mem.d_out_reg[12]/C is not reached by a timing clock
Related violations: <none>

TIMING-17#116 Critical Warning
Non-clocked sequential cell  
The clock pin u_fir/U0/i_synth/g_single_rate.i_single_rate/g_semi_parallel_and_smac.g_paths[0].g_mem_array[0].i_mem/g_individual.g_mem_b.i_mem_b/gen_srl16.gen_mem.d_out_reg[13]/C is not reached by a timing clock
Related violations: <none>

TIMING-17#117 Critical Warning
Non-clocked sequential cell  
The clock pin u_fir/U0/i_synth/g_single_rate.i_single_rate/g_semi_parallel_and_smac.g_paths[0].g_mem_array[0].i_mem/g_individual.g_mem_b.i_mem_b/gen_srl16.gen_mem.d_out_reg[14]/C is not reached by a timing clock
Related violations: <none>

TIMING-17#118 Critical Warning
Non-clocked sequential cell  
The clock pin u_fir/U0/i_synth/g_single_rate.i_single_rate/g_semi_parallel_and_smac.g_paths[0].g_mem_array[0].i_mem/g_individual.g_mem_b.i_mem_b/gen_srl16.gen_mem.d_out_reg[15]/C is not reached by a timing clock
Related violations: <none>

TIMING-17#119 Critical Warning
Non-clocked sequential cell  
The clock pin u_fir/U0/i_synth/g_single_rate.i_single_rate/g_semi_parallel_and_smac.g_paths[0].g_mem_array[0].i_mem/g_individual.g_mem_b.i_mem_b/gen_srl16.gen_mem.d_out_reg[1]/C is not reached by a timing clock
Related violations: <none>

TIMING-17#120 Critical Warning
Non-clocked sequential cell  
The clock pin u_fir/U0/i_synth/g_single_rate.i_single_rate/g_semi_parallel_and_smac.g_paths[0].g_mem_array[0].i_mem/g_individual.g_mem_b.i_mem_b/gen_srl16.gen_mem.d_out_reg[2]/C is not reached by a timing clock
Related violations: <none>

TIMING-17#121 Critical Warning
Non-clocked sequential cell  
The clock pin u_fir/U0/i_synth/g_single_rate.i_single_rate/g_semi_parallel_and_smac.g_paths[0].g_mem_array[0].i_mem/g_individual.g_mem_b.i_mem_b/gen_srl16.gen_mem.d_out_reg[3]/C is not reached by a timing clock
Related violations: <none>

TIMING-17#122 Critical Warning
Non-clocked sequential cell  
The clock pin u_fir/U0/i_synth/g_single_rate.i_single_rate/g_semi_parallel_and_smac.g_paths[0].g_mem_array[0].i_mem/g_individual.g_mem_b.i_mem_b/gen_srl16.gen_mem.d_out_reg[4]/C is not reached by a timing clock
Related violations: <none>

TIMING-17#123 Critical Warning
Non-clocked sequential cell  
The clock pin u_fir/U0/i_synth/g_single_rate.i_single_rate/g_semi_parallel_and_smac.g_paths[0].g_mem_array[0].i_mem/g_individual.g_mem_b.i_mem_b/gen_srl16.gen_mem.d_out_reg[5]/C is not reached by a timing clock
Related violations: <none>

TIMING-17#124 Critical Warning
Non-clocked sequential cell  
The clock pin u_fir/U0/i_synth/g_single_rate.i_single_rate/g_semi_parallel_and_smac.g_paths[0].g_mem_array[0].i_mem/g_individual.g_mem_b.i_mem_b/gen_srl16.gen_mem.d_out_reg[6]/C is not reached by a timing clock
Related violations: <none>

TIMING-17#125 Critical Warning
Non-clocked sequential cell  
The clock pin u_fir/U0/i_synth/g_single_rate.i_single_rate/g_semi_parallel_and_smac.g_paths[0].g_mem_array[0].i_mem/g_individual.g_mem_b.i_mem_b/gen_srl16.gen_mem.d_out_reg[7]/C is not reached by a timing clock
Related violations: <none>

TIMING-17#126 Critical Warning
Non-clocked sequential cell  
The clock pin u_fir/U0/i_synth/g_single_rate.i_single_rate/g_semi_parallel_and_smac.g_paths[0].g_mem_array[0].i_mem/g_individual.g_mem_b.i_mem_b/gen_srl16.gen_mem.d_out_reg[8]/C is not reached by a timing clock
Related violations: <none>

TIMING-17#127 Critical Warning
Non-clocked sequential cell  
The clock pin u_fir/U0/i_synth/g_single_rate.i_single_rate/g_semi_parallel_and_smac.g_paths[0].g_mem_array[0].i_mem/g_individual.g_mem_b.i_mem_b/gen_srl16.gen_mem.d_out_reg[9]/C is not reached by a timing clock
Related violations: <none>

TIMING-17#128 Critical Warning
Non-clocked sequential cell  
The clock pin u_fir/U0/i_synth/g_single_rate.i_single_rate/g_semi_parallel_and_smac.g_paths[0].g_mem_array[0].i_mem/g_individual.g_mem_b.i_mem_b/gen_srl16.gen_mem.mem_reg[15][0]_srl16/CLK is not reached by a timing clock
Related violations: <none>

TIMING-17#129 Critical Warning
Non-clocked sequential cell  
The clock pin u_fir/U0/i_synth/g_single_rate.i_single_rate/g_semi_parallel_and_smac.g_paths[0].g_mem_array[0].i_mem/g_individual.g_mem_b.i_mem_b/gen_srl16.gen_mem.mem_reg[15][10]_srl16/CLK is not reached by a timing clock
Related violations: <none>

TIMING-17#130 Critical Warning
Non-clocked sequential cell  
The clock pin u_fir/U0/i_synth/g_single_rate.i_single_rate/g_semi_parallel_and_smac.g_paths[0].g_mem_array[0].i_mem/g_individual.g_mem_b.i_mem_b/gen_srl16.gen_mem.mem_reg[15][11]_srl16/CLK is not reached by a timing clock
Related violations: <none>

TIMING-17#131 Critical Warning
Non-clocked sequential cell  
The clock pin u_fir/U0/i_synth/g_single_rate.i_single_rate/g_semi_parallel_and_smac.g_paths[0].g_mem_array[0].i_mem/g_individual.g_mem_b.i_mem_b/gen_srl16.gen_mem.mem_reg[15][12]_srl16/CLK is not reached by a timing clock
Related violations: <none>

TIMING-17#132 Critical Warning
Non-clocked sequential cell  
The clock pin u_fir/U0/i_synth/g_single_rate.i_single_rate/g_semi_parallel_and_smac.g_paths[0].g_mem_array[0].i_mem/g_individual.g_mem_b.i_mem_b/gen_srl16.gen_mem.mem_reg[15][13]_srl16/CLK is not reached by a timing clock
Related violations: <none>

TIMING-17#133 Critical Warning
Non-clocked sequential cell  
The clock pin u_fir/U0/i_synth/g_single_rate.i_single_rate/g_semi_parallel_and_smac.g_paths[0].g_mem_array[0].i_mem/g_individual.g_mem_b.i_mem_b/gen_srl16.gen_mem.mem_reg[15][14]_srl16/CLK is not reached by a timing clock
Related violations: <none>

TIMING-17#134 Critical Warning
Non-clocked sequential cell  
The clock pin u_fir/U0/i_synth/g_single_rate.i_single_rate/g_semi_parallel_and_smac.g_paths[0].g_mem_array[0].i_mem/g_individual.g_mem_b.i_mem_b/gen_srl16.gen_mem.mem_reg[15][15]_srl16/CLK is not reached by a timing clock
Related violations: <none>

TIMING-17#135 Critical Warning
Non-clocked sequential cell  
The clock pin u_fir/U0/i_synth/g_single_rate.i_single_rate/g_semi_parallel_and_smac.g_paths[0].g_mem_array[0].i_mem/g_individual.g_mem_b.i_mem_b/gen_srl16.gen_mem.mem_reg[15][1]_srl16/CLK is not reached by a timing clock
Related violations: <none>

TIMING-17#136 Critical Warning
Non-clocked sequential cell  
The clock pin u_fir/U0/i_synth/g_single_rate.i_single_rate/g_semi_parallel_and_smac.g_paths[0].g_mem_array[0].i_mem/g_individual.g_mem_b.i_mem_b/gen_srl16.gen_mem.mem_reg[15][2]_srl16/CLK is not reached by a timing clock
Related violations: <none>

TIMING-17#137 Critical Warning
Non-clocked sequential cell  
The clock pin u_fir/U0/i_synth/g_single_rate.i_single_rate/g_semi_parallel_and_smac.g_paths[0].g_mem_array[0].i_mem/g_individual.g_mem_b.i_mem_b/gen_srl16.gen_mem.mem_reg[15][3]_srl16/CLK is not reached by a timing clock
Related violations: <none>

TIMING-17#138 Critical Warning
Non-clocked sequential cell  
The clock pin u_fir/U0/i_synth/g_single_rate.i_single_rate/g_semi_parallel_and_smac.g_paths[0].g_mem_array[0].i_mem/g_individual.g_mem_b.i_mem_b/gen_srl16.gen_mem.mem_reg[15][4]_srl16/CLK is not reached by a timing clock
Related violations: <none>

TIMING-17#139 Critical Warning
Non-clocked sequential cell  
The clock pin u_fir/U0/i_synth/g_single_rate.i_single_rate/g_semi_parallel_and_smac.g_paths[0].g_mem_array[0].i_mem/g_individual.g_mem_b.i_mem_b/gen_srl16.gen_mem.mem_reg[15][5]_srl16/CLK is not reached by a timing clock
Related violations: <none>

TIMING-17#140 Critical Warning
Non-clocked sequential cell  
The clock pin u_fir/U0/i_synth/g_single_rate.i_single_rate/g_semi_parallel_and_smac.g_paths[0].g_mem_array[0].i_mem/g_individual.g_mem_b.i_mem_b/gen_srl16.gen_mem.mem_reg[15][6]_srl16/CLK is not reached by a timing clock
Related violations: <none>

TIMING-17#141 Critical Warning
Non-clocked sequential cell  
The clock pin u_fir/U0/i_synth/g_single_rate.i_single_rate/g_semi_parallel_and_smac.g_paths[0].g_mem_array[0].i_mem/g_individual.g_mem_b.i_mem_b/gen_srl16.gen_mem.mem_reg[15][7]_srl16/CLK is not reached by a timing clock
Related violations: <none>

TIMING-17#142 Critical Warning
Non-clocked sequential cell  
The clock pin u_fir/U0/i_synth/g_single_rate.i_single_rate/g_semi_parallel_and_smac.g_paths[0].g_mem_array[0].i_mem/g_individual.g_mem_b.i_mem_b/gen_srl16.gen_mem.mem_reg[15][8]_srl16/CLK is not reached by a timing clock
Related violations: <none>

TIMING-17#143 Critical Warning
Non-clocked sequential cell  
The clock pin u_fir/U0/i_synth/g_single_rate.i_single_rate/g_semi_parallel_and_smac.g_paths[0].g_mem_array[0].i_mem/g_individual.g_mem_b.i_mem_b/gen_srl16.gen_mem.mem_reg[15][9]_srl16/CLK is not reached by a timing clock
Related violations: <none>

TIMING-17#144 Critical Warning
Non-clocked sequential cell  
The clock pin u_fir/U0/i_synth/g_single_rate.i_single_rate/g_semi_parallel_and_smac.g_paths[0].g_mem_array[0].i_mem/g_individual.i_mem_a/gen_srl16.gen_mem.d_out_reg[0]/C is not reached by a timing clock
Related violations: <none>

TIMING-17#145 Critical Warning
Non-clocked sequential cell  
The clock pin u_fir/U0/i_synth/g_single_rate.i_single_rate/g_semi_parallel_and_smac.g_paths[0].g_mem_array[0].i_mem/g_individual.i_mem_a/gen_srl16.gen_mem.d_out_reg[10]/C is not reached by a timing clock
Related violations: <none>

TIMING-17#146 Critical Warning
Non-clocked sequential cell  
The clock pin u_fir/U0/i_synth/g_single_rate.i_single_rate/g_semi_parallel_and_smac.g_paths[0].g_mem_array[0].i_mem/g_individual.i_mem_a/gen_srl16.gen_mem.d_out_reg[11]/C is not reached by a timing clock
Related violations: <none>

TIMING-17#147 Critical Warning
Non-clocked sequential cell  
The clock pin u_fir/U0/i_synth/g_single_rate.i_single_rate/g_semi_parallel_and_smac.g_paths[0].g_mem_array[0].i_mem/g_individual.i_mem_a/gen_srl16.gen_mem.d_out_reg[12]/C is not reached by a timing clock
Related violations: <none>

TIMING-17#148 Critical Warning
Non-clocked sequential cell  
The clock pin u_fir/U0/i_synth/g_single_rate.i_single_rate/g_semi_parallel_and_smac.g_paths[0].g_mem_array[0].i_mem/g_individual.i_mem_a/gen_srl16.gen_mem.d_out_reg[13]/C is not reached by a timing clock
Related violations: <none>

TIMING-17#149 Critical Warning
Non-clocked sequential cell  
The clock pin u_fir/U0/i_synth/g_single_rate.i_single_rate/g_semi_parallel_and_smac.g_paths[0].g_mem_array[0].i_mem/g_individual.i_mem_a/gen_srl16.gen_mem.d_out_reg[14]/C is not reached by a timing clock
Related violations: <none>

TIMING-17#150 Critical Warning
Non-clocked sequential cell  
The clock pin u_fir/U0/i_synth/g_single_rate.i_single_rate/g_semi_parallel_and_smac.g_paths[0].g_mem_array[0].i_mem/g_individual.i_mem_a/gen_srl16.gen_mem.d_out_reg[15]/C is not reached by a timing clock
Related violations: <none>

TIMING-17#151 Critical Warning
Non-clocked sequential cell  
The clock pin u_fir/U0/i_synth/g_single_rate.i_single_rate/g_semi_parallel_and_smac.g_paths[0].g_mem_array[0].i_mem/g_individual.i_mem_a/gen_srl16.gen_mem.d_out_reg[1]/C is not reached by a timing clock
Related violations: <none>

TIMING-17#152 Critical Warning
Non-clocked sequential cell  
The clock pin u_fir/U0/i_synth/g_single_rate.i_single_rate/g_semi_parallel_and_smac.g_paths[0].g_mem_array[0].i_mem/g_individual.i_mem_a/gen_srl16.gen_mem.d_out_reg[2]/C is not reached by a timing clock
Related violations: <none>

TIMING-17#153 Critical Warning
Non-clocked sequential cell  
The clock pin u_fir/U0/i_synth/g_single_rate.i_single_rate/g_semi_parallel_and_smac.g_paths[0].g_mem_array[0].i_mem/g_individual.i_mem_a/gen_srl16.gen_mem.d_out_reg[3]/C is not reached by a timing clock
Related violations: <none>

TIMING-17#154 Critical Warning
Non-clocked sequential cell  
The clock pin u_fir/U0/i_synth/g_single_rate.i_single_rate/g_semi_parallel_and_smac.g_paths[0].g_mem_array[0].i_mem/g_individual.i_mem_a/gen_srl16.gen_mem.d_out_reg[4]/C is not reached by a timing clock
Related violations: <none>

TIMING-17#155 Critical Warning
Non-clocked sequential cell  
The clock pin u_fir/U0/i_synth/g_single_rate.i_single_rate/g_semi_parallel_and_smac.g_paths[0].g_mem_array[0].i_mem/g_individual.i_mem_a/gen_srl16.gen_mem.d_out_reg[5]/C is not reached by a timing clock
Related violations: <none>

TIMING-17#156 Critical Warning
Non-clocked sequential cell  
The clock pin u_fir/U0/i_synth/g_single_rate.i_single_rate/g_semi_parallel_and_smac.g_paths[0].g_mem_array[0].i_mem/g_individual.i_mem_a/gen_srl16.gen_mem.d_out_reg[6]/C is not reached by a timing clock
Related violations: <none>

TIMING-17#157 Critical Warning
Non-clocked sequential cell  
The clock pin u_fir/U0/i_synth/g_single_rate.i_single_rate/g_semi_parallel_and_smac.g_paths[0].g_mem_array[0].i_mem/g_individual.i_mem_a/gen_srl16.gen_mem.d_out_reg[7]/C is not reached by a timing clock
Related violations: <none>

TIMING-17#158 Critical Warning
Non-clocked sequential cell  
The clock pin u_fir/U0/i_synth/g_single_rate.i_single_rate/g_semi_parallel_and_smac.g_paths[0].g_mem_array[0].i_mem/g_individual.i_mem_a/gen_srl16.gen_mem.d_out_reg[8]/C is not reached by a timing clock
Related violations: <none>

TIMING-17#159 Critical Warning
Non-clocked sequential cell  
The clock pin u_fir/U0/i_synth/g_single_rate.i_single_rate/g_semi_parallel_and_smac.g_paths[0].g_mem_array[0].i_mem/g_individual.i_mem_a/gen_srl16.gen_mem.d_out_reg[9]/C is not reached by a timing clock
Related violations: <none>

TIMING-17#160 Critical Warning
Non-clocked sequential cell  
The clock pin u_fir/U0/i_synth/g_single_rate.i_single_rate/g_semi_parallel_and_smac.g_paths[0].g_mem_array[0].i_mem/g_individual.i_mem_a/gen_srl16.gen_mem.mem_reg[15][0]_srl16/CLK is not reached by a timing clock
Related violations: <none>

TIMING-17#161 Critical Warning
Non-clocked sequential cell  
The clock pin u_fir/U0/i_synth/g_single_rate.i_single_rate/g_semi_parallel_and_smac.g_paths[0].g_mem_array[0].i_mem/g_individual.i_mem_a/gen_srl16.gen_mem.mem_reg[15][10]_srl16/CLK is not reached by a timing clock
Related violations: <none>

TIMING-17#162 Critical Warning
Non-clocked sequential cell  
The clock pin u_fir/U0/i_synth/g_single_rate.i_single_rate/g_semi_parallel_and_smac.g_paths[0].g_mem_array[0].i_mem/g_individual.i_mem_a/gen_srl16.gen_mem.mem_reg[15][11]_srl16/CLK is not reached by a timing clock
Related violations: <none>

TIMING-17#163 Critical Warning
Non-clocked sequential cell  
The clock pin u_fir/U0/i_synth/g_single_rate.i_single_rate/g_semi_parallel_and_smac.g_paths[0].g_mem_array[0].i_mem/g_individual.i_mem_a/gen_srl16.gen_mem.mem_reg[15][12]_srl16/CLK is not reached by a timing clock
Related violations: <none>

TIMING-17#164 Critical Warning
Non-clocked sequential cell  
The clock pin u_fir/U0/i_synth/g_single_rate.i_single_rate/g_semi_parallel_and_smac.g_paths[0].g_mem_array[0].i_mem/g_individual.i_mem_a/gen_srl16.gen_mem.mem_reg[15][13]_srl16/CLK is not reached by a timing clock
Related violations: <none>

TIMING-17#165 Critical Warning
Non-clocked sequential cell  
The clock pin u_fir/U0/i_synth/g_single_rate.i_single_rate/g_semi_parallel_and_smac.g_paths[0].g_mem_array[0].i_mem/g_individual.i_mem_a/gen_srl16.gen_mem.mem_reg[15][14]_srl16/CLK is not reached by a timing clock
Related violations: <none>

TIMING-17#166 Critical Warning
Non-clocked sequential cell  
The clock pin u_fir/U0/i_synth/g_single_rate.i_single_rate/g_semi_parallel_and_smac.g_paths[0].g_mem_array[0].i_mem/g_individual.i_mem_a/gen_srl16.gen_mem.mem_reg[15][15]_srl16/CLK is not reached by a timing clock
Related violations: <none>

TIMING-17#167 Critical Warning
Non-clocked sequential cell  
The clock pin u_fir/U0/i_synth/g_single_rate.i_single_rate/g_semi_parallel_and_smac.g_paths[0].g_mem_array[0].i_mem/g_individual.i_mem_a/gen_srl16.gen_mem.mem_reg[15][1]_srl16/CLK is not reached by a timing clock
Related violations: <none>

TIMING-17#168 Critical Warning
Non-clocked sequential cell  
The clock pin u_fir/U0/i_synth/g_single_rate.i_single_rate/g_semi_parallel_and_smac.g_paths[0].g_mem_array[0].i_mem/g_individual.i_mem_a/gen_srl16.gen_mem.mem_reg[15][2]_srl16/CLK is not reached by a timing clock
Related violations: <none>

TIMING-17#169 Critical Warning
Non-clocked sequential cell  
The clock pin u_fir/U0/i_synth/g_single_rate.i_single_rate/g_semi_parallel_and_smac.g_paths[0].g_mem_array[0].i_mem/g_individual.i_mem_a/gen_srl16.gen_mem.mem_reg[15][3]_srl16/CLK is not reached by a timing clock
Related violations: <none>

TIMING-17#170 Critical Warning
Non-clocked sequential cell  
The clock pin u_fir/U0/i_synth/g_single_rate.i_single_rate/g_semi_parallel_and_smac.g_paths[0].g_mem_array[0].i_mem/g_individual.i_mem_a/gen_srl16.gen_mem.mem_reg[15][4]_srl16/CLK is not reached by a timing clock
Related violations: <none>

TIMING-17#171 Critical Warning
Non-clocked sequential cell  
The clock pin u_fir/U0/i_synth/g_single_rate.i_single_rate/g_semi_parallel_and_smac.g_paths[0].g_mem_array[0].i_mem/g_individual.i_mem_a/gen_srl16.gen_mem.mem_reg[15][5]_srl16/CLK is not reached by a timing clock
Related violations: <none>

TIMING-17#172 Critical Warning
Non-clocked sequential cell  
The clock pin u_fir/U0/i_synth/g_single_rate.i_single_rate/g_semi_parallel_and_smac.g_paths[0].g_mem_array[0].i_mem/g_individual.i_mem_a/gen_srl16.gen_mem.mem_reg[15][6]_srl16/CLK is not reached by a timing clock
Related violations: <none>

TIMING-17#173 Critical Warning
Non-clocked sequential cell  
The clock pin u_fir/U0/i_synth/g_single_rate.i_single_rate/g_semi_parallel_and_smac.g_paths[0].g_mem_array[0].i_mem/g_individual.i_mem_a/gen_srl16.gen_mem.mem_reg[15][7]_srl16/CLK is not reached by a timing clock
Related violations: <none>

TIMING-17#174 Critical Warning
Non-clocked sequential cell  
The clock pin u_fir/U0/i_synth/g_single_rate.i_single_rate/g_semi_parallel_and_smac.g_paths[0].g_mem_array[0].i_mem/g_individual.i_mem_a/gen_srl16.gen_mem.mem_reg[15][8]_srl16/CLK is not reached by a timing clock
Related violations: <none>

TIMING-17#175 Critical Warning
Non-clocked sequential cell  
The clock pin u_fir/U0/i_synth/g_single_rate.i_single_rate/g_semi_parallel_and_smac.g_paths[0].g_mem_array[0].i_mem/g_individual.i_mem_a/gen_srl16.gen_mem.mem_reg[15][9]_srl16/CLK is not reached by a timing clock
Related violations: <none>

TIMING-17#176 Critical Warning
Non-clocked sequential cell  
The clock pin u_fir/U0/i_synth/g_single_rate.i_single_rate/g_semi_parallel_and_smac.g_paths[0].g_mem_array[1].i_mem/g_individual.i_mem_a/gen_dram.gen_rom.d_out_reg[0]/C is not reached by a timing clock
Related violations: <none>

TIMING-17#177 Critical Warning
Non-clocked sequential cell  
The clock pin u_fir/U0/i_synth/g_single_rate.i_single_rate/g_semi_parallel_and_smac.g_paths[0].g_mem_array[1].i_mem/g_individual.i_mem_a/gen_dram.gen_rom.d_out_reg[10]/C is not reached by a timing clock
Related violations: <none>

TIMING-17#178 Critical Warning
Non-clocked sequential cell  
The clock pin u_fir/U0/i_synth/g_single_rate.i_single_rate/g_semi_parallel_and_smac.g_paths[0].g_mem_array[1].i_mem/g_individual.i_mem_a/gen_dram.gen_rom.d_out_reg[11]/C is not reached by a timing clock
Related violations: <none>

TIMING-17#179 Critical Warning
Non-clocked sequential cell  
The clock pin u_fir/U0/i_synth/g_single_rate.i_single_rate/g_semi_parallel_and_smac.g_paths[0].g_mem_array[1].i_mem/g_individual.i_mem_a/gen_dram.gen_rom.d_out_reg[12]/C is not reached by a timing clock
Related violations: <none>

TIMING-17#180 Critical Warning
Non-clocked sequential cell  
The clock pin u_fir/U0/i_synth/g_single_rate.i_single_rate/g_semi_parallel_and_smac.g_paths[0].g_mem_array[1].i_mem/g_individual.i_mem_a/gen_dram.gen_rom.d_out_reg[13]/C is not reached by a timing clock
Related violations: <none>

TIMING-17#181 Critical Warning
Non-clocked sequential cell  
The clock pin u_fir/U0/i_synth/g_single_rate.i_single_rate/g_semi_parallel_and_smac.g_paths[0].g_mem_array[1].i_mem/g_individual.i_mem_a/gen_dram.gen_rom.d_out_reg[14]/C is not reached by a timing clock
Related violations: <none>

TIMING-17#182 Critical Warning
Non-clocked sequential cell  
The clock pin u_fir/U0/i_synth/g_single_rate.i_single_rate/g_semi_parallel_and_smac.g_paths[0].g_mem_array[1].i_mem/g_individual.i_mem_a/gen_dram.gen_rom.d_out_reg[1]/C is not reached by a timing clock
Related violations: <none>

TIMING-17#183 Critical Warning
Non-clocked sequential cell  
The clock pin u_fir/U0/i_synth/g_single_rate.i_single_rate/g_semi_parallel_and_smac.g_paths[0].g_mem_array[1].i_mem/g_individual.i_mem_a/gen_dram.gen_rom.d_out_reg[2]/C is not reached by a timing clock
Related violations: <none>

TIMING-17#184 Critical Warning
Non-clocked sequential cell  
The clock pin u_fir/U0/i_synth/g_single_rate.i_single_rate/g_semi_parallel_and_smac.g_paths[0].g_mem_array[1].i_mem/g_individual.i_mem_a/gen_dram.gen_rom.d_out_reg[3]/C is not reached by a timing clock
Related violations: <none>

TIMING-17#185 Critical Warning
Non-clocked sequential cell  
The clock pin u_fir/U0/i_synth/g_single_rate.i_single_rate/g_semi_parallel_and_smac.g_paths[0].g_mem_array[1].i_mem/g_individual.i_mem_a/gen_dram.gen_rom.d_out_reg[4]/C is not reached by a timing clock
Related violations: <none>

TIMING-17#186 Critical Warning
Non-clocked sequential cell  
The clock pin u_fir/U0/i_synth/g_single_rate.i_single_rate/g_semi_parallel_and_smac.g_paths[0].g_mem_array[1].i_mem/g_individual.i_mem_a/gen_dram.gen_rom.d_out_reg[5]/C is not reached by a timing clock
Related violations: <none>

TIMING-17#187 Critical Warning
Non-clocked sequential cell  
The clock pin u_fir/U0/i_synth/g_single_rate.i_single_rate/g_semi_parallel_and_smac.g_paths[0].g_mem_array[1].i_mem/g_individual.i_mem_a/gen_dram.gen_rom.d_out_reg[6]/C is not reached by a timing clock
Related violations: <none>

TIMING-17#188 Critical Warning
Non-clocked sequential cell  
The clock pin u_fir/U0/i_synth/g_single_rate.i_single_rate/g_semi_parallel_and_smac.g_paths[0].g_mem_array[1].i_mem/g_individual.i_mem_a/gen_dram.gen_rom.d_out_reg[7]/C is not reached by a timing clock
Related violations: <none>

TIMING-17#189 Critical Warning
Non-clocked sequential cell  
The clock pin u_fir/U0/i_synth/g_single_rate.i_single_rate/g_semi_parallel_and_smac.g_paths[0].g_mem_array[1].i_mem/g_individual.i_mem_a/gen_dram.gen_rom.d_out_reg[8]/C is not reached by a timing clock
Related violations: <none>

TIMING-17#190 Critical Warning
Non-clocked sequential cell  
The clock pin u_fir/U0/i_synth/g_single_rate.i_single_rate/g_semi_parallel_and_smac.g_paths[0].g_mem_array[1].i_mem/g_individual.i_mem_a/gen_dram.gen_rom.d_out_reg[9]/C is not reached by a timing clock
Related violations: <none>

TIMING-17#191 Critical Warning
Non-clocked sequential cell  
The clock pin u_fir/U0/i_synth/g_single_rate.i_single_rate/g_semi_parallel_and_smac.g_paths[0].g_smac.i_maccum/i_addsub_mult_accum/g_dsp.g_dsp48e1.i_dsp48e1/CLK is not reached by a timing clock
Related violations: <none>

TIMING-17#192 Critical Warning
Non-clocked sequential cell  
The clock pin u_fir/U0/i_synth/g_single_rate.i_single_rate/g_semi_parallel_and_smac.g_smac_cntrl.accum_opcode_reg[4]/C is not reached by a timing clock
Related violations: <none>

TIMING-17#193 Critical Warning
Non-clocked sequential cell  
The clock pin u_fir/U0/i_synth/g_single_rate.i_single_rate/g_semi_parallel_and_smac.g_smac_cntrl.accum_opcode_reg[5]/C is not reached by a timing clock
Related violations: <none>

TIMING-17#194 Critical Warning
Non-clocked sequential cell  
The clock pin u_fir/U0/i_synth/g_single_rate.i_single_rate/g_semi_parallel_and_smac.g_smac_cntrl.accum_opcode_reg[8]/C is not reached by a timing clock
Related violations: <none>

TIMING-17#195 Critical Warning
Non-clocked sequential cell  
The clock pin u_fir/U0/i_synth/g_single_rate.i_single_rate/g_semi_parallel_and_smac.gen_data_addr_reg[0]/C is not reached by a timing clock
Related violations: <none>

TIMING-17#196 Critical Warning
Non-clocked sequential cell  
The clock pin u_fir/U0/i_synth/g_single_rate.i_single_rate/g_semi_parallel_and_smac.gen_data_addr_reg[1]/C is not reached by a timing clock
Related violations: <none>

TIMING-17#197 Critical Warning
Non-clocked sequential cell  
The clock pin u_fir/U0/i_synth/g_single_rate.i_single_rate/g_semi_parallel_and_smac.gen_data_addr_reg[2]/C is not reached by a timing clock
Related violations: <none>

TIMING-17#198 Critical Warning
Non-clocked sequential cell  
The clock pin u_fir/U0/i_synth/g_single_rate.i_single_rate/g_semi_parallel_and_smac.gen_data_addr_reg[3]/C is not reached by a timing clock
Related violations: <none>

TIMING-17#199 Critical Warning
Non-clocked sequential cell  
The clock pin u_fir/U0/i_synth/g_single_rate.i_single_rate/g_semi_parallel_and_smac.gen_data_sym_addr_reg[0]/C is not reached by a timing clock
Related violations: <none>

TIMING-17#200 Critical Warning
Non-clocked sequential cell  
The clock pin u_fir/U0/i_synth/g_single_rate.i_single_rate/g_semi_parallel_and_smac.gen_data_sym_addr_reg[1]/C is not reached by a timing clock
Related violations: <none>

TIMING-17#201 Critical Warning
Non-clocked sequential cell  
The clock pin u_fir/U0/i_synth/g_single_rate.i_single_rate/g_semi_parallel_and_smac.gen_data_sym_addr_reg[2]/C is not reached by a timing clock
Related violations: <none>

TIMING-17#202 Critical Warning
Non-clocked sequential cell  
The clock pin u_fir/U0/i_synth/g_single_rate.i_single_rate/g_semi_parallel_and_smac.gen_data_sym_addr_reg[3]/C is not reached by a timing clock
Related violations: <none>

TIMING-17#203 Critical Warning
Non-clocked sequential cell  
The clock pin u_fir/U0/i_synth/g_single_rate.i_single_rate/g_semi_parallel_and_smac.i_accumulate/gen_dly.gen_shiftreg.gen_rtl_delay.delay_bus_reg[1][0]_srl2/CLK is not reached by a timing clock
Related violations: <none>

TIMING-17#204 Critical Warning
Non-clocked sequential cell  
The clock pin u_fir/U0/i_synth/g_single_rate.i_single_rate/g_semi_parallel_and_smac.i_accumulate/gen_dly.gen_shiftreg.gen_rtl_delay.delay_bus_reg[2][0]/C is not reached by a timing clock
Related violations: <none>

TIMING-17#205 Critical Warning
Non-clocked sequential cell  
The clock pin u_fir/U0/i_synth/g_single_rate.i_single_rate/g_semi_parallel_and_smac.i_cntrl_coef_addr/gen_dly.gen_shiftreg.gen_rtl_delay.delay_bus_reg[0][0]_srl1/CLK is not reached by a timing clock
Related violations: <none>

TIMING-17#206 Critical Warning
Non-clocked sequential cell  
The clock pin u_fir/U0/i_synth/g_single_rate.i_single_rate/g_semi_parallel_and_smac.i_cntrl_coef_addr/gen_dly.gen_shiftreg.gen_rtl_delay.delay_bus_reg[0][1]_srl1/CLK is not reached by a timing clock
Related violations: <none>

TIMING-17#207 Critical Warning
Non-clocked sequential cell  
The clock pin u_fir/U0/i_synth/g_single_rate.i_single_rate/g_semi_parallel_and_smac.i_cntrl_coef_addr/gen_dly.gen_shiftreg.gen_rtl_delay.delay_bus_reg[0][2]_srl1/CLK is not reached by a timing clock
Related violations: <none>

TIMING-17#208 Critical Warning
Non-clocked sequential cell  
The clock pin u_fir/U0/i_synth/g_single_rate.i_single_rate/g_semi_parallel_and_smac.i_cntrl_coef_addr/gen_dly.gen_shiftreg.gen_rtl_delay.delay_bus_reg[0][3]_srl1/CLK is not reached by a timing clock
Related violations: <none>

TIMING-17#209 Critical Warning
Non-clocked sequential cell  
The clock pin u_fir/U0/i_synth/g_single_rate.i_single_rate/g_semi_parallel_and_smac.i_cntrl_coef_addr/gen_dly.gen_shiftreg.gen_rtl_delay.delay_bus_reg[1][0]/C is not reached by a timing clock
Related violations: <none>

TIMING-17#210 Critical Warning
Non-clocked sequential cell  
The clock pin u_fir/U0/i_synth/g_single_rate.i_single_rate/g_semi_parallel_and_smac.i_cntrl_coef_addr/gen_dly.gen_shiftreg.gen_rtl_delay.delay_bus_reg[1][1]/C is not reached by a timing clock
Related violations: <none>

TIMING-17#211 Critical Warning
Non-clocked sequential cell  
The clock pin u_fir/U0/i_synth/g_single_rate.i_single_rate/g_semi_parallel_and_smac.i_cntrl_coef_addr/gen_dly.gen_shiftreg.gen_rtl_delay.delay_bus_reg[1][2]/C is not reached by a timing clock
Related violations: <none>

TIMING-17#212 Critical Warning
Non-clocked sequential cell  
The clock pin u_fir/U0/i_synth/g_single_rate.i_single_rate/g_semi_parallel_and_smac.i_cntrl_coef_addr/gen_dly.gen_shiftreg.gen_rtl_delay.delay_bus_reg[1][3]/C is not reached by a timing clock
Related violations: <none>

TIMING-17#213 Critical Warning
Non-clocked sequential cell  
The clock pin u_fir/U0/i_synth/g_single_rate.i_single_rate/g_semi_parallel_and_smac.i_latch_op/gen_dly.gen_shiftreg.gen_rtl_delay.delay_bus_reg[4][0]_srl5/CLK is not reached by a timing clock
Related violations: <none>

TIMING-17#214 Critical Warning
Non-clocked sequential cell  
The clock pin u_fir/U0/i_synth/g_single_rate.i_single_rate/g_semi_parallel_and_smac.i_latch_op/gen_dly.gen_shiftreg.gen_rtl_delay.delay_bus_reg[5][0]/C is not reached by a timing clock
Related violations: <none>

TIMING-17#215 Critical Warning
Non-clocked sequential cell  
The clock pin u_fir/U0/i_synth/g_single_rate.i_single_rate/g_semi_parallel_and_smac.i_load/gen_dly.gen_shiftreg.gen_rtl_delay.delay_bus_reg[1][0]_srl2/CLK is not reached by a timing clock
Related violations: <none>

TIMING-17#216 Critical Warning
Non-clocked sequential cell  
The clock pin u_fir/U0/i_synth/g_single_rate.i_single_rate/g_semi_parallel_and_smac.i_load/gen_dly.gen_shiftreg.gen_rtl_delay.delay_bus_reg[2][0]/C is not reached by a timing clock
Related violations: <none>

TIMING-17#217 Critical Warning
Non-clocked sequential cell  
The clock pin u_fir/U0/i_synth/g_single_rate.i_single_rate/g_semi_parallel_and_smac.rfd_int_reg/C is not reached by a timing clock
Related violations: <none>

TIMING-17#218 Critical Warning
Non-clocked sequential cell  
The clock pin u_fir/U0/i_synth/g_single_rate.i_single_rate/g_semi_parallel_and_smac.we_gen_reg/C is not reached by a timing clock
Related violations: <none>

TIMING-17#219 Critical Warning
Non-clocked sequential cell  
The clock pin u_mult/U0/i_mult/gDSP.gDSP_only.iDSP/inferred_dsp.reg_mult.m_reg_reg/CLK is not reached by a timing clock
Related violations: <none>

TIMING-17#220 Critical Warning
Non-clocked sequential cell  
The clock pin u_nco/U0/i_synth/i_dds/I_PHASEGEN.i_conventional_accum.i_accum/i_fabric.i_common.i_phase_acc/opt_has_pipe.first_q_reg[0]/C is not reached by a timing clock
Related violations: <none>

TIMING-17#221 Critical Warning
Non-clocked sequential cell  
The clock pin u_nco/U0/i_synth/i_dds/I_PHASEGEN.i_conventional_accum.i_accum/i_fabric.i_common.i_phase_acc/opt_has_pipe.first_q_reg[10]/C is not reached by a timing clock
Related violations: <none>

TIMING-17#222 Critical Warning
Non-clocked sequential cell  
The clock pin u_nco/U0/i_synth/i_dds/I_PHASEGEN.i_conventional_accum.i_accum/i_fabric.i_common.i_phase_acc/opt_has_pipe.first_q_reg[11]/C is not reached by a timing clock
Related violations: <none>

TIMING-17#223 Critical Warning
Non-clocked sequential cell  
The clock pin u_nco/U0/i_synth/i_dds/I_PHASEGEN.i_conventional_accum.i_accum/i_fabric.i_common.i_phase_acc/opt_has_pipe.first_q_reg[12]/C is not reached by a timing clock
Related violations: <none>

TIMING-17#224 Critical Warning
Non-clocked sequential cell  
The clock pin u_nco/U0/i_synth/i_dds/I_PHASEGEN.i_conventional_accum.i_accum/i_fabric.i_common.i_phase_acc/opt_has_pipe.first_q_reg[13]/C is not reached by a timing clock
Related violations: <none>

TIMING-17#225 Critical Warning
Non-clocked sequential cell  
The clock pin u_nco/U0/i_synth/i_dds/I_PHASEGEN.i_conventional_accum.i_accum/i_fabric.i_common.i_phase_acc/opt_has_pipe.first_q_reg[14]/C is not reached by a timing clock
Related violations: <none>

TIMING-17#226 Critical Warning
Non-clocked sequential cell  
The clock pin u_nco/U0/i_synth/i_dds/I_PHASEGEN.i_conventional_accum.i_accum/i_fabric.i_common.i_phase_acc/opt_has_pipe.first_q_reg[15]/C is not reached by a timing clock
Related violations: <none>

TIMING-17#227 Critical Warning
Non-clocked sequential cell  
The clock pin u_nco/U0/i_synth/i_dds/I_PHASEGEN.i_conventional_accum.i_accum/i_fabric.i_common.i_phase_acc/opt_has_pipe.first_q_reg[16]/C is not reached by a timing clock
Related violations: <none>

TIMING-17#228 Critical Warning
Non-clocked sequential cell  
The clock pin u_nco/U0/i_synth/i_dds/I_PHASEGEN.i_conventional_accum.i_accum/i_fabric.i_common.i_phase_acc/opt_has_pipe.first_q_reg[17]/C is not reached by a timing clock
Related violations: <none>

TIMING-17#229 Critical Warning
Non-clocked sequential cell  
The clock pin u_nco/U0/i_synth/i_dds/I_PHASEGEN.i_conventional_accum.i_accum/i_fabric.i_common.i_phase_acc/opt_has_pipe.first_q_reg[18]/C is not reached by a timing clock
Related violations: <none>

TIMING-17#230 Critical Warning
Non-clocked sequential cell  
The clock pin u_nco/U0/i_synth/i_dds/I_PHASEGEN.i_conventional_accum.i_accum/i_fabric.i_common.i_phase_acc/opt_has_pipe.first_q_reg[19]/C is not reached by a timing clock
Related violations: <none>

TIMING-17#231 Critical Warning
Non-clocked sequential cell  
The clock pin u_nco/U0/i_synth/i_dds/I_PHASEGEN.i_conventional_accum.i_accum/i_fabric.i_common.i_phase_acc/opt_has_pipe.first_q_reg[1]/C is not reached by a timing clock
Related violations: <none>

TIMING-17#232 Critical Warning
Non-clocked sequential cell  
The clock pin u_nco/U0/i_synth/i_dds/I_PHASEGEN.i_conventional_accum.i_accum/i_fabric.i_common.i_phase_acc/opt_has_pipe.first_q_reg[20]/C is not reached by a timing clock
Related violations: <none>

TIMING-17#233 Critical Warning
Non-clocked sequential cell  
The clock pin u_nco/U0/i_synth/i_dds/I_PHASEGEN.i_conventional_accum.i_accum/i_fabric.i_common.i_phase_acc/opt_has_pipe.first_q_reg[21]/C is not reached by a timing clock
Related violations: <none>

TIMING-17#234 Critical Warning
Non-clocked sequential cell  
The clock pin u_nco/U0/i_synth/i_dds/I_PHASEGEN.i_conventional_accum.i_accum/i_fabric.i_common.i_phase_acc/opt_has_pipe.first_q_reg[22]/C is not reached by a timing clock
Related violations: <none>

TIMING-17#235 Critical Warning
Non-clocked sequential cell  
The clock pin u_nco/U0/i_synth/i_dds/I_PHASEGEN.i_conventional_accum.i_accum/i_fabric.i_common.i_phase_acc/opt_has_pipe.first_q_reg[23]/C is not reached by a timing clock
Related violations: <none>

TIMING-17#236 Critical Warning
Non-clocked sequential cell  
The clock pin u_nco/U0/i_synth/i_dds/I_PHASEGEN.i_conventional_accum.i_accum/i_fabric.i_common.i_phase_acc/opt_has_pipe.first_q_reg[24]/C is not reached by a timing clock
Related violations: <none>

TIMING-17#237 Critical Warning
Non-clocked sequential cell  
The clock pin u_nco/U0/i_synth/i_dds/I_PHASEGEN.i_conventional_accum.i_accum/i_fabric.i_common.i_phase_acc/opt_has_pipe.first_q_reg[25]/C is not reached by a timing clock
Related violations: <none>

TIMING-17#238 Critical Warning
Non-clocked sequential cell  
The clock pin u_nco/U0/i_synth/i_dds/I_PHASEGEN.i_conventional_accum.i_accum/i_fabric.i_common.i_phase_acc/opt_has_pipe.first_q_reg[26]/C is not reached by a timing clock
Related violations: <none>

TIMING-17#239 Critical Warning
Non-clocked sequential cell  
The clock pin u_nco/U0/i_synth/i_dds/I_PHASEGEN.i_conventional_accum.i_accum/i_fabric.i_common.i_phase_acc/opt_has_pipe.first_q_reg[27]/C is not reached by a timing clock
Related violations: <none>

TIMING-17#240 Critical Warning
Non-clocked sequential cell  
The clock pin u_nco/U0/i_synth/i_dds/I_PHASEGEN.i_conventional_accum.i_accum/i_fabric.i_common.i_phase_acc/opt_has_pipe.first_q_reg[28]/C is not reached by a timing clock
Related violations: <none>

TIMING-17#241 Critical Warning
Non-clocked sequential cell  
The clock pin u_nco/U0/i_synth/i_dds/I_PHASEGEN.i_conventional_accum.i_accum/i_fabric.i_common.i_phase_acc/opt_has_pipe.first_q_reg[29]/C is not reached by a timing clock
Related violations: <none>

TIMING-17#242 Critical Warning
Non-clocked sequential cell  
The clock pin u_nco/U0/i_synth/i_dds/I_PHASEGEN.i_conventional_accum.i_accum/i_fabric.i_common.i_phase_acc/opt_has_pipe.first_q_reg[2]/C is not reached by a timing clock
Related violations: <none>

TIMING-17#243 Critical Warning
Non-clocked sequential cell  
The clock pin u_nco/U0/i_synth/i_dds/I_PHASEGEN.i_conventional_accum.i_accum/i_fabric.i_common.i_phase_acc/opt_has_pipe.first_q_reg[30]/C is not reached by a timing clock
Related violations: <none>

TIMING-17#244 Critical Warning
Non-clocked sequential cell  
The clock pin u_nco/U0/i_synth/i_dds/I_PHASEGEN.i_conventional_accum.i_accum/i_fabric.i_common.i_phase_acc/opt_has_pipe.first_q_reg[31]/C is not reached by a timing clock
Related violations: <none>

TIMING-17#245 Critical Warning
Non-clocked sequential cell  
The clock pin u_nco/U0/i_synth/i_dds/I_PHASEGEN.i_conventional_accum.i_accum/i_fabric.i_common.i_phase_acc/opt_has_pipe.first_q_reg[3]/C is not reached by a timing clock
Related violations: <none>

TIMING-17#246 Critical Warning
Non-clocked sequential cell  
The clock pin u_nco/U0/i_synth/i_dds/I_PHASEGEN.i_conventional_accum.i_accum/i_fabric.i_common.i_phase_acc/opt_has_pipe.first_q_reg[4]/C is not reached by a timing clock
Related violations: <none>

TIMING-17#247 Critical Warning
Non-clocked sequential cell  
The clock pin u_nco/U0/i_synth/i_dds/I_PHASEGEN.i_conventional_accum.i_accum/i_fabric.i_common.i_phase_acc/opt_has_pipe.first_q_reg[5]/C is not reached by a timing clock
Related violations: <none>

TIMING-17#248 Critical Warning
Non-clocked sequential cell  
The clock pin u_nco/U0/i_synth/i_dds/I_PHASEGEN.i_conventional_accum.i_accum/i_fabric.i_common.i_phase_acc/opt_has_pipe.first_q_reg[6]/C is not reached by a timing clock
Related violations: <none>

TIMING-17#249 Critical Warning
Non-clocked sequential cell  
The clock pin u_nco/U0/i_synth/i_dds/I_PHASEGEN.i_conventional_accum.i_accum/i_fabric.i_common.i_phase_acc/opt_has_pipe.first_q_reg[7]/C is not reached by a timing clock
Related violations: <none>

TIMING-17#250 Critical Warning
Non-clocked sequential cell  
The clock pin u_nco/U0/i_synth/i_dds/I_PHASEGEN.i_conventional_accum.i_accum/i_fabric.i_common.i_phase_acc/opt_has_pipe.first_q_reg[8]/C is not reached by a timing clock
Related violations: <none>

TIMING-17#251 Critical Warning
Non-clocked sequential cell  
The clock pin u_nco/U0/i_synth/i_dds/I_PHASEGEN.i_conventional_accum.i_accum/i_fabric.i_common.i_phase_acc/opt_has_pipe.first_q_reg[9]/C is not reached by a timing clock
Related violations: <none>

TIMING-17#252 Critical Warning
Non-clocked sequential cell  
The clock pin u_nco/U0/i_synth/i_dds/I_PHASEGEN.i_conventional_accum.i_fabric.i_ph_adj_pipe/opt_has_pipe.first_q_reg[20]/C is not reached by a timing clock
Related violations: <none>

TIMING-17#253 Critical Warning
Non-clocked sequential cell  
The clock pin u_nco/U0/i_synth/i_dds/I_PHASEGEN.i_conventional_accum.i_fabric.i_ph_adj_pipe/opt_has_pipe.first_q_reg[21]/C is not reached by a timing clock
Related violations: <none>

TIMING-17#254 Critical Warning
Non-clocked sequential cell  
The clock pin u_nco/U0/i_synth/i_dds/I_PHASEGEN.i_conventional_accum.i_fabric.i_ph_adj_pipe/opt_has_pipe.first_q_reg[22]/C is not reached by a timing clock
Related violations: <none>

TIMING-17#255 Critical Warning
Non-clocked sequential cell  
The clock pin u_nco/U0/i_synth/i_dds/I_PHASEGEN.i_conventional_accum.i_fabric.i_ph_adj_pipe/opt_has_pipe.first_q_reg[23]/C is not reached by a timing clock
Related violations: <none>

TIMING-17#256 Critical Warning
Non-clocked sequential cell  
The clock pin u_nco/U0/i_synth/i_dds/I_PHASEGEN.i_conventional_accum.i_fabric.i_ph_adj_pipe/opt_has_pipe.first_q_reg[24]/C is not reached by a timing clock
Related violations: <none>

TIMING-17#257 Critical Warning
Non-clocked sequential cell  
The clock pin u_nco/U0/i_synth/i_dds/I_PHASEGEN.i_conventional_accum.i_fabric.i_ph_adj_pipe/opt_has_pipe.first_q_reg[25]/C is not reached by a timing clock
Related violations: <none>

TIMING-17#258 Critical Warning
Non-clocked sequential cell  
The clock pin u_nco/U0/i_synth/i_dds/I_PHASEGEN.i_conventional_accum.i_fabric.i_ph_adj_pipe/opt_has_pipe.first_q_reg[26]/C is not reached by a timing clock
Related violations: <none>

TIMING-17#259 Critical Warning
Non-clocked sequential cell  
The clock pin u_nco/U0/i_synth/i_dds/I_PHASEGEN.i_conventional_accum.i_fabric.i_ph_adj_pipe/opt_has_pipe.first_q_reg[27]/C is not reached by a timing clock
Related violations: <none>

TIMING-17#260 Critical Warning
Non-clocked sequential cell  
The clock pin u_nco/U0/i_synth/i_dds/I_PHASEGEN.i_conventional_accum.i_fabric.i_ph_adj_pipe/opt_has_pipe.first_q_reg[28]/C is not reached by a timing clock
Related violations: <none>

TIMING-17#261 Critical Warning
Non-clocked sequential cell  
The clock pin u_nco/U0/i_synth/i_dds/I_PHASEGEN.i_conventional_accum.i_fabric.i_ph_adj_pipe/opt_has_pipe.first_q_reg[29]/C is not reached by a timing clock
Related violations: <none>

TIMING-17#262 Critical Warning
Non-clocked sequential cell  
The clock pin u_nco/U0/i_synth/i_dds/I_PHASEGEN.i_conventional_accum.i_fabric.i_ph_adj_pipe/opt_has_pipe.first_q_reg[30]/C is not reached by a timing clock
Related violations: <none>

TIMING-17#263 Critical Warning
Non-clocked sequential cell  
The clock pin u_nco/U0/i_synth/i_dds/I_PHASEGEN.i_conventional_accum.i_fabric.i_ph_adj_pipe/opt_has_pipe.first_q_reg[31]/C is not reached by a timing clock
Related violations: <none>

TIMING-17#264 Critical Warning
Non-clocked sequential cell  
The clock pin u_nco/U0/i_synth/i_dds/I_SINCOS.i_std_rom.i_rom/i_rtl.i_quarter_table.i_addr_reg_c/opt_has_pipe.first_q_reg[1]/C is not reached by a timing clock
Related violations: <none>

TIMING-17#265 Critical Warning
Non-clocked sequential cell  
The clock pin u_nco/U0/i_synth/i_dds/I_SINCOS.i_std_rom.i_rom/i_rtl.i_quarter_table.i_addr_reg_c/opt_has_pipe.i_pipe[3].pipe_reg[3][1]_srl2/CLK is not reached by a timing clock
Related violations: <none>

TIMING-17#266 Critical Warning
Non-clocked sequential cell  
The clock pin u_nco/U0/i_synth/i_dds/I_SINCOS.i_std_rom.i_rom/i_rtl.i_quarter_table.i_addr_reg_c/opt_has_pipe.i_pipe[4].pipe_reg[4][1]__0/C is not reached by a timing clock
Related violations: <none>

TIMING-17#267 Critical Warning
Non-clocked sequential cell  
The clock pin u_nco/U0/i_synth/i_dds/I_SINCOS.i_std_rom.i_rom/i_rtl.i_quarter_table.i_block_rom.i_pipe_1.pre_asyn_sin_RAM_op_reg/CLKARDCLK is not reached by a timing clock
Related violations: <none>

TIMING-17#268 Critical Warning
Non-clocked sequential cell  
The clock pin u_nco/U0/i_synth/i_dds/I_SINCOS.i_std_rom.i_rom/i_rtl.i_quarter_table.i_has_sin.i_addr_mod_stage1.mod_sin_addr_reg[0]/C is not reached by a timing clock
Related violations: <none>

TIMING-17#269 Critical Warning
Non-clocked sequential cell  
The clock pin u_nco/U0/i_synth/i_dds/I_SINCOS.i_std_rom.i_rom/i_rtl.i_quarter_table.i_has_sin.i_addr_mod_stage1.mod_sin_addr_reg[1]/C is not reached by a timing clock
Related violations: <none>

TIMING-17#270 Critical Warning
Non-clocked sequential cell  
The clock pin u_nco/U0/i_synth/i_dds/I_SINCOS.i_std_rom.i_rom/i_rtl.i_quarter_table.i_has_sin.i_addr_mod_stage1.mod_sin_addr_reg[2]/C is not reached by a timing clock
Related violations: <none>

TIMING-17#271 Critical Warning
Non-clocked sequential cell  
The clock pin u_nco/U0/i_synth/i_dds/I_SINCOS.i_std_rom.i_rom/i_rtl.i_quarter_table.i_has_sin.i_addr_mod_stage1.mod_sin_addr_reg[3]/C is not reached by a timing clock
Related violations: <none>

TIMING-17#272 Critical Warning
Non-clocked sequential cell  
The clock pin u_nco/U0/i_synth/i_dds/I_SINCOS.i_std_rom.i_rom/i_rtl.i_quarter_table.i_has_sin.i_addr_mod_stage1.mod_sin_addr_reg[4]/C is not reached by a timing clock
Related violations: <none>

TIMING-17#273 Critical Warning
Non-clocked sequential cell  
The clock pin u_nco/U0/i_synth/i_dds/I_SINCOS.i_std_rom.i_rom/i_rtl.i_quarter_table.i_has_sin.i_addr_mod_stage1.mod_sin_addr_reg[5]/C is not reached by a timing clock
Related violations: <none>

TIMING-17#274 Critical Warning
Non-clocked sequential cell  
The clock pin u_nco/U0/i_synth/i_dds/I_SINCOS.i_std_rom.i_rom/i_rtl.i_quarter_table.i_has_sin.i_addr_mod_stage1.mod_sin_addr_reg[6]/C is not reached by a timing clock
Related violations: <none>

TIMING-17#275 Critical Warning
Non-clocked sequential cell  
The clock pin u_nco/U0/i_synth/i_dds/I_SINCOS.i_std_rom.i_rom/i_rtl.i_quarter_table.i_has_sin.i_addr_mod_stage1.mod_sin_addr_reg[7]/C is not reached by a timing clock
Related violations: <none>

TIMING-17#276 Critical Warning
Non-clocked sequential cell  
The clock pin u_nco/U0/i_synth/i_dds/I_SINCOS.i_std_rom.i_rom/i_rtl.i_quarter_table.i_has_sin.i_addr_mod_stage1.mod_sin_addr_reg[8]/C is not reached by a timing clock
Related violations: <none>

TIMING-17#277 Critical Warning
Non-clocked sequential cell  
The clock pin u_nco/U0/i_synth/i_dds/I_SINCOS.i_std_rom.i_rom/i_rtl.i_quarter_table.i_has_sin.i_addr_mod_stage1.mod_sin_addr_reg[9]/C is not reached by a timing clock
Related violations: <none>

TIMING-17#278 Critical Warning
Non-clocked sequential cell  
The clock pin u_nco/U0/i_synth/i_dds/I_SINCOS.i_std_rom.i_rom/i_rtl.i_quarter_table.i_rom_reg_a/opt_has_pipe.first_q_reg[0]/C is not reached by a timing clock
Related violations: <none>

TIMING-17#279 Critical Warning
Non-clocked sequential cell  
The clock pin u_nco/U0/i_synth/i_dds/I_SINCOS.i_std_rom.i_rom/i_rtl.i_quarter_table.i_rom_reg_a/opt_has_pipe.first_q_reg[10]/C is not reached by a timing clock
Related violations: <none>

TIMING-17#280 Critical Warning
Non-clocked sequential cell  
The clock pin u_nco/U0/i_synth/i_dds/I_SINCOS.i_std_rom.i_rom/i_rtl.i_quarter_table.i_rom_reg_a/opt_has_pipe.first_q_reg[1]/C is not reached by a timing clock
Related violations: <none>

TIMING-17#281 Critical Warning
Non-clocked sequential cell  
The clock pin u_nco/U0/i_synth/i_dds/I_SINCOS.i_std_rom.i_rom/i_rtl.i_quarter_table.i_rom_reg_a/opt_has_pipe.first_q_reg[2]/C is not reached by a timing clock
Related violations: <none>

TIMING-17#282 Critical Warning
Non-clocked sequential cell  
The clock pin u_nco/U0/i_synth/i_dds/I_SINCOS.i_std_rom.i_rom/i_rtl.i_quarter_table.i_rom_reg_a/opt_has_pipe.first_q_reg[3]/C is not reached by a timing clock
Related violations: <none>

TIMING-17#283 Critical Warning
Non-clocked sequential cell  
The clock pin u_nco/U0/i_synth/i_dds/I_SINCOS.i_std_rom.i_rom/i_rtl.i_quarter_table.i_rom_reg_a/opt_has_pipe.first_q_reg[4]/C is not reached by a timing clock
Related violations: <none>

TIMING-17#284 Critical Warning
Non-clocked sequential cell  
The clock pin u_nco/U0/i_synth/i_dds/I_SINCOS.i_std_rom.i_rom/i_rtl.i_quarter_table.i_rom_reg_a/opt_has_pipe.first_q_reg[5]/C is not reached by a timing clock
Related violations: <none>

TIMING-17#285 Critical Warning
Non-clocked sequential cell  
The clock pin u_nco/U0/i_synth/i_dds/I_SINCOS.i_std_rom.i_rom/i_rtl.i_quarter_table.i_rom_reg_a/opt_has_pipe.first_q_reg[6]/C is not reached by a timing clock
Related violations: <none>

TIMING-17#286 Critical Warning
Non-clocked sequential cell  
The clock pin u_nco/U0/i_synth/i_dds/I_SINCOS.i_std_rom.i_rom/i_rtl.i_quarter_table.i_rom_reg_a/opt_has_pipe.first_q_reg[7]/C is not reached by a timing clock
Related violations: <none>

TIMING-17#287 Critical Warning
Non-clocked sequential cell  
The clock pin u_nco/U0/i_synth/i_dds/I_SINCOS.i_std_rom.i_rom/i_rtl.i_quarter_table.i_rom_reg_a/opt_has_pipe.first_q_reg[8]/C is not reached by a timing clock
Related violations: <none>

TIMING-17#288 Critical Warning
Non-clocked sequential cell  
The clock pin u_nco/U0/i_synth/i_dds/I_SINCOS.i_std_rom.i_rom/i_rtl.i_quarter_table.i_rom_reg_a/opt_has_pipe.first_q_reg[9]/C is not reached by a timing clock
Related violations: <none>

TIMING-17#289 Critical Warning
Non-clocked sequential cell  
The clock pin u_nco/U0/i_synth/i_dds/I_SINCOS.i_std_rom.i_rom/i_rtl.i_quarter_table.i_trivial_map.i_op_reg_a/opt_has_pipe.first_q_reg[0]/C is not reached by a timing clock
Related violations: <none>

TIMING-17#290 Critical Warning
Non-clocked sequential cell  
The clock pin u_nco/U0/i_synth/i_dds/I_SINCOS.i_std_rom.i_rom/i_rtl.i_quarter_table.i_trivial_map.i_op_reg_a/opt_has_pipe.first_q_reg[10]/C is not reached by a timing clock
Related violations: <none>

TIMING-17#291 Critical Warning
Non-clocked sequential cell  
The clock pin u_nco/U0/i_synth/i_dds/I_SINCOS.i_std_rom.i_rom/i_rtl.i_quarter_table.i_trivial_map.i_op_reg_a/opt_has_pipe.first_q_reg[11]/C is not reached by a timing clock
Related violations: <none>

TIMING-17#292 Critical Warning
Non-clocked sequential cell  
The clock pin u_nco/U0/i_synth/i_dds/I_SINCOS.i_std_rom.i_rom/i_rtl.i_quarter_table.i_trivial_map.i_op_reg_a/opt_has_pipe.first_q_reg[1]/C is not reached by a timing clock
Related violations: <none>

TIMING-17#293 Critical Warning
Non-clocked sequential cell  
The clock pin u_nco/U0/i_synth/i_dds/I_SINCOS.i_std_rom.i_rom/i_rtl.i_quarter_table.i_trivial_map.i_op_reg_a/opt_has_pipe.first_q_reg[2]/C is not reached by a timing clock
Related violations: <none>

TIMING-17#294 Critical Warning
Non-clocked sequential cell  
The clock pin u_nco/U0/i_synth/i_dds/I_SINCOS.i_std_rom.i_rom/i_rtl.i_quarter_table.i_trivial_map.i_op_reg_a/opt_has_pipe.first_q_reg[3]/C is not reached by a timing clock
Related violations: <none>

TIMING-17#295 Critical Warning
Non-clocked sequential cell  
The clock pin u_nco/U0/i_synth/i_dds/I_SINCOS.i_std_rom.i_rom/i_rtl.i_quarter_table.i_trivial_map.i_op_reg_a/opt_has_pipe.first_q_reg[4]/C is not reached by a timing clock
Related violations: <none>

TIMING-17#296 Critical Warning
Non-clocked sequential cell  
The clock pin u_nco/U0/i_synth/i_dds/I_SINCOS.i_std_rom.i_rom/i_rtl.i_quarter_table.i_trivial_map.i_op_reg_a/opt_has_pipe.first_q_reg[5]/C is not reached by a timing clock
Related violations: <none>

TIMING-17#297 Critical Warning
Non-clocked sequential cell  
The clock pin u_nco/U0/i_synth/i_dds/I_SINCOS.i_std_rom.i_rom/i_rtl.i_quarter_table.i_trivial_map.i_op_reg_a/opt_has_pipe.first_q_reg[6]/C is not reached by a timing clock
Related violations: <none>

TIMING-17#298 Critical Warning
Non-clocked sequential cell  
The clock pin u_nco/U0/i_synth/i_dds/I_SINCOS.i_std_rom.i_rom/i_rtl.i_quarter_table.i_trivial_map.i_op_reg_a/opt_has_pipe.first_q_reg[7]/C is not reached by a timing clock
Related violations: <none>

TIMING-17#299 Critical Warning
Non-clocked sequential cell  
The clock pin u_nco/U0/i_synth/i_dds/I_SINCOS.i_std_rom.i_rom/i_rtl.i_quarter_table.i_trivial_map.i_op_reg_a/opt_has_pipe.first_q_reg[8]/C is not reached by a timing clock
Related violations: <none>

TIMING-17#300 Critical Warning
Non-clocked sequential cell  
The clock pin u_nco/U0/i_synth/i_dds/I_SINCOS.i_std_rom.i_rom/i_rtl.i_quarter_table.i_trivial_map.i_op_reg_a/opt_has_pipe.first_q_reg[9]/C is not reached by a timing clock
Related violations: <none>

TIMING-17#301 Critical Warning
Non-clocked sequential cell  
The clock pin u_nco/U0/i_synth/i_dds/I_SINCOS.i_std_rom.i_rom/i_rtl.i_quarter_table.i_trivial_map.i_op_reg_a/opt_has_pipe.i_pipe[2].pipe_reg[2][0]/C is not reached by a timing clock
Related violations: <none>

TIMING-17#302 Critical Warning
Non-clocked sequential cell  
The clock pin u_nco/U0/i_synth/i_dds/I_SINCOS.i_std_rom.i_rom/i_rtl.i_quarter_table.i_trivial_map.i_op_reg_a/opt_has_pipe.i_pipe[2].pipe_reg[2][10]/C is not reached by a timing clock
Related violations: <none>

TIMING-17#303 Critical Warning
Non-clocked sequential cell  
The clock pin u_nco/U0/i_synth/i_dds/I_SINCOS.i_std_rom.i_rom/i_rtl.i_quarter_table.i_trivial_map.i_op_reg_a/opt_has_pipe.i_pipe[2].pipe_reg[2][11]/C is not reached by a timing clock
Related violations: <none>

TIMING-17#304 Critical Warning
Non-clocked sequential cell  
The clock pin u_nco/U0/i_synth/i_dds/I_SINCOS.i_std_rom.i_rom/i_rtl.i_quarter_table.i_trivial_map.i_op_reg_a/opt_has_pipe.i_pipe[2].pipe_reg[2][1]/C is not reached by a timing clock
Related violations: <none>

TIMING-17#305 Critical Warning
Non-clocked sequential cell  
The clock pin u_nco/U0/i_synth/i_dds/I_SINCOS.i_std_rom.i_rom/i_rtl.i_quarter_table.i_trivial_map.i_op_reg_a/opt_has_pipe.i_pipe[2].pipe_reg[2][2]/C is not reached by a timing clock
Related violations: <none>

TIMING-17#306 Critical Warning
Non-clocked sequential cell  
The clock pin u_nco/U0/i_synth/i_dds/I_SINCOS.i_std_rom.i_rom/i_rtl.i_quarter_table.i_trivial_map.i_op_reg_a/opt_has_pipe.i_pipe[2].pipe_reg[2][3]/C is not reached by a timing clock
Related violations: <none>

TIMING-17#307 Critical Warning
Non-clocked sequential cell  
The clock pin u_nco/U0/i_synth/i_dds/I_SINCOS.i_std_rom.i_rom/i_rtl.i_quarter_table.i_trivial_map.i_op_reg_a/opt_has_pipe.i_pipe[2].pipe_reg[2][4]/C is not reached by a timing clock
Related violations: <none>

TIMING-17#308 Critical Warning
Non-clocked sequential cell  
The clock pin u_nco/U0/i_synth/i_dds/I_SINCOS.i_std_rom.i_rom/i_rtl.i_quarter_table.i_trivial_map.i_op_reg_a/opt_has_pipe.i_pipe[2].pipe_reg[2][5]/C is not reached by a timing clock
Related violations: <none>

TIMING-17#309 Critical Warning
Non-clocked sequential cell  
The clock pin u_nco/U0/i_synth/i_dds/I_SINCOS.i_std_rom.i_rom/i_rtl.i_quarter_table.i_trivial_map.i_op_reg_a/opt_has_pipe.i_pipe[2].pipe_reg[2][6]/C is not reached by a timing clock
Related violations: <none>

TIMING-17#310 Critical Warning
Non-clocked sequential cell  
The clock pin u_nco/U0/i_synth/i_dds/I_SINCOS.i_std_rom.i_rom/i_rtl.i_quarter_table.i_trivial_map.i_op_reg_a/opt_has_pipe.i_pipe[2].pipe_reg[2][7]/C is not reached by a timing clock
Related violations: <none>

TIMING-17#311 Critical Warning
Non-clocked sequential cell  
The clock pin u_nco/U0/i_synth/i_dds/I_SINCOS.i_std_rom.i_rom/i_rtl.i_quarter_table.i_trivial_map.i_op_reg_a/opt_has_pipe.i_pipe[2].pipe_reg[2][8]/C is not reached by a timing clock
Related violations: <none>

TIMING-17#312 Critical Warning
Non-clocked sequential cell  
The clock pin u_nco/U0/i_synth/i_dds/I_SINCOS.i_std_rom.i_rom/i_rtl.i_quarter_table.i_trivial_map.i_op_reg_a/opt_has_pipe.i_pipe[2].pipe_reg[2][9]/C is not reached by a timing clock
Related violations: <none>

TIMING-17#313 Critical Warning
Non-clocked sequential cell  
The clock pin u_nco/U0/i_synth/i_pinc_poff_in.i_single_channel_prog_pinc.axi_pinc_in_reg[0]/C is not reached by a timing clock
Related violations: <none>

TIMING-17#314 Critical Warning
Non-clocked sequential cell  
The clock pin u_nco/U0/i_synth/i_pinc_poff_in.i_single_channel_prog_pinc.axi_pinc_in_reg[10]/C is not reached by a timing clock
Related violations: <none>

TIMING-17#315 Critical Warning
Non-clocked sequential cell  
The clock pin u_nco/U0/i_synth/i_pinc_poff_in.i_single_channel_prog_pinc.axi_pinc_in_reg[11]/C is not reached by a timing clock
Related violations: <none>

TIMING-17#316 Critical Warning
Non-clocked sequential cell  
The clock pin u_nco/U0/i_synth/i_pinc_poff_in.i_single_channel_prog_pinc.axi_pinc_in_reg[12]/C is not reached by a timing clock
Related violations: <none>

TIMING-17#317 Critical Warning
Non-clocked sequential cell  
The clock pin u_nco/U0/i_synth/i_pinc_poff_in.i_single_channel_prog_pinc.axi_pinc_in_reg[13]/C is not reached by a timing clock
Related violations: <none>

TIMING-17#318 Critical Warning
Non-clocked sequential cell  
The clock pin u_nco/U0/i_synth/i_pinc_poff_in.i_single_channel_prog_pinc.axi_pinc_in_reg[14]/C is not reached by a timing clock
Related violations: <none>

TIMING-17#319 Critical Warning
Non-clocked sequential cell  
The clock pin u_nco/U0/i_synth/i_pinc_poff_in.i_single_channel_prog_pinc.axi_pinc_in_reg[15]/C is not reached by a timing clock
Related violations: <none>

TIMING-17#320 Critical Warning
Non-clocked sequential cell  
The clock pin u_nco/U0/i_synth/i_pinc_poff_in.i_single_channel_prog_pinc.axi_pinc_in_reg[16]/C is not reached by a timing clock
Related violations: <none>

TIMING-17#321 Critical Warning
Non-clocked sequential cell  
The clock pin u_nco/U0/i_synth/i_pinc_poff_in.i_single_channel_prog_pinc.axi_pinc_in_reg[17]/C is not reached by a timing clock
Related violations: <none>

TIMING-17#322 Critical Warning
Non-clocked sequential cell  
The clock pin u_nco/U0/i_synth/i_pinc_poff_in.i_single_channel_prog_pinc.axi_pinc_in_reg[18]/C is not reached by a timing clock
Related violations: <none>

TIMING-17#323 Critical Warning
Non-clocked sequential cell  
The clock pin u_nco/U0/i_synth/i_pinc_poff_in.i_single_channel_prog_pinc.axi_pinc_in_reg[19]/C is not reached by a timing clock
Related violations: <none>

TIMING-17#324 Critical Warning
Non-clocked sequential cell  
The clock pin u_nco/U0/i_synth/i_pinc_poff_in.i_single_channel_prog_pinc.axi_pinc_in_reg[1]/C is not reached by a timing clock
Related violations: <none>

TIMING-17#325 Critical Warning
Non-clocked sequential cell  
The clock pin u_nco/U0/i_synth/i_pinc_poff_in.i_single_channel_prog_pinc.axi_pinc_in_reg[20]/C is not reached by a timing clock
Related violations: <none>

TIMING-17#326 Critical Warning
Non-clocked sequential cell  
The clock pin u_nco/U0/i_synth/i_pinc_poff_in.i_single_channel_prog_pinc.axi_pinc_in_reg[21]/C is not reached by a timing clock
Related violations: <none>

TIMING-17#327 Critical Warning
Non-clocked sequential cell  
The clock pin u_nco/U0/i_synth/i_pinc_poff_in.i_single_channel_prog_pinc.axi_pinc_in_reg[22]/C is not reached by a timing clock
Related violations: <none>

TIMING-17#328 Critical Warning
Non-clocked sequential cell  
The clock pin u_nco/U0/i_synth/i_pinc_poff_in.i_single_channel_prog_pinc.axi_pinc_in_reg[23]/C is not reached by a timing clock
Related violations: <none>

TIMING-17#329 Critical Warning
Non-clocked sequential cell  
The clock pin u_nco/U0/i_synth/i_pinc_poff_in.i_single_channel_prog_pinc.axi_pinc_in_reg[24]/C is not reached by a timing clock
Related violations: <none>

TIMING-17#330 Critical Warning
Non-clocked sequential cell  
The clock pin u_nco/U0/i_synth/i_pinc_poff_in.i_single_channel_prog_pinc.axi_pinc_in_reg[25]/C is not reached by a timing clock
Related violations: <none>

TIMING-17#331 Critical Warning
Non-clocked sequential cell  
The clock pin u_nco/U0/i_synth/i_pinc_poff_in.i_single_channel_prog_pinc.axi_pinc_in_reg[26]/C is not reached by a timing clock
Related violations: <none>

TIMING-17#332 Critical Warning
Non-clocked sequential cell  
The clock pin u_nco/U0/i_synth/i_pinc_poff_in.i_single_channel_prog_pinc.axi_pinc_in_reg[27]/C is not reached by a timing clock
Related violations: <none>

TIMING-17#333 Critical Warning
Non-clocked sequential cell  
The clock pin u_nco/U0/i_synth/i_pinc_poff_in.i_single_channel_prog_pinc.axi_pinc_in_reg[28]/C is not reached by a timing clock
Related violations: <none>

TIMING-17#334 Critical Warning
Non-clocked sequential cell  
The clock pin u_nco/U0/i_synth/i_pinc_poff_in.i_single_channel_prog_pinc.axi_pinc_in_reg[29]/C is not reached by a timing clock
Related violations: <none>

TIMING-17#335 Critical Warning
Non-clocked sequential cell  
The clock pin u_nco/U0/i_synth/i_pinc_poff_in.i_single_channel_prog_pinc.axi_pinc_in_reg[2]/C is not reached by a timing clock
Related violations: <none>

TIMING-17#336 Critical Warning
Non-clocked sequential cell  
The clock pin u_nco/U0/i_synth/i_pinc_poff_in.i_single_channel_prog_pinc.axi_pinc_in_reg[30]/C is not reached by a timing clock
Related violations: <none>

TIMING-17#337 Critical Warning
Non-clocked sequential cell  
The clock pin u_nco/U0/i_synth/i_pinc_poff_in.i_single_channel_prog_pinc.axi_pinc_in_reg[31]/C is not reached by a timing clock
Related violations: <none>

TIMING-17#338 Critical Warning
Non-clocked sequential cell  
The clock pin u_nco/U0/i_synth/i_pinc_poff_in.i_single_channel_prog_pinc.axi_pinc_in_reg[3]/C is not reached by a timing clock
Related violations: <none>

TIMING-17#339 Critical Warning
Non-clocked sequential cell  
The clock pin u_nco/U0/i_synth/i_pinc_poff_in.i_single_channel_prog_pinc.axi_pinc_in_reg[4]/C is not reached by a timing clock
Related violations: <none>

TIMING-17#340 Critical Warning
Non-clocked sequential cell  
The clock pin u_nco/U0/i_synth/i_pinc_poff_in.i_single_channel_prog_pinc.axi_pinc_in_reg[5]/C is not reached by a timing clock
Related violations: <none>

TIMING-17#341 Critical Warning
Non-clocked sequential cell  
The clock pin u_nco/U0/i_synth/i_pinc_poff_in.i_single_channel_prog_pinc.axi_pinc_in_reg[6]/C is not reached by a timing clock
Related violations: <none>

TIMING-17#342 Critical Warning
Non-clocked sequential cell  
The clock pin u_nco/U0/i_synth/i_pinc_poff_in.i_single_channel_prog_pinc.axi_pinc_in_reg[7]/C is not reached by a timing clock
Related violations: <none>

TIMING-17#343 Critical Warning
Non-clocked sequential cell  
The clock pin u_nco/U0/i_synth/i_pinc_poff_in.i_single_channel_prog_pinc.axi_pinc_in_reg[8]/C is not reached by a timing clock
Related violations: <none>

TIMING-17#344 Critical Warning
Non-clocked sequential cell  
The clock pin u_nco/U0/i_synth/i_pinc_poff_in.i_single_channel_prog_pinc.axi_pinc_in_reg[9]/C is not reached by a timing clock
Related violations: <none>

LUTAR-1#1 Warning
LUT drives async reset alert  
LUT cell dbg_hub/inst/BSCANID.u_xsdbm_id/CORE_XSDB.UUT_MASTER/U_ICON_INTERFACE/U_CMD6_RD/U_RD_FIFO/SUBCORE_FIFO.xsdbm_v3_0_5_rdfifo_inst/inst_fifo_gen/gconvfifo.rf/grf.rf/rstblk/ngwrdrst.grst.g7serrst.gwrrd_rst_sync_stage[2].rrst_inst/ngwrdrst.grst.g7serrst.rd_rst_reg[2]_i_1, with 2 or more inputs, drives asynchronous preset/clear pin(s) dbg_hub/inst/BSCANID.u_xsdbm_id/CORE_XSDB.UUT_MASTER/U_ICON_INTERFACE/U_CMD6_RD/U_RD_FIFO/SUBCORE_FIFO.xsdbm_v3_0_5_rdfifo_inst/inst_fifo_gen/gconvfifo.rf/grf.rf/rstblk/ngwrdrst.grst.g7serrst.rd_rst_reg_reg[0]/PRE,
dbg_hub/inst/BSCANID.u_xsdbm_id/CORE_XSDB.UUT_MASTER/U_ICON_INTERFACE/U_CMD6_RD/U_RD_FIFO/SUBCORE_FIFO.xsdbm_v3_0_5_rdfifo_inst/inst_fifo_gen/gconvfifo.rf/grf.rf/rstblk/ngwrdrst.grst.g7serrst.rd_rst_reg_reg[1]/PRE
dbg_hub/inst/BSCANID.u_xsdbm_id/CORE_XSDB.UUT_MASTER/U_ICON_INTERFACE/U_CMD6_RD/U_RD_FIFO/SUBCORE_FIFO.xsdbm_v3_0_5_rdfifo_inst/inst_fifo_gen/gconvfifo.rf/grf.rf/rstblk/ngwrdrst.grst.g7serrst.rd_rst_reg_reg[2]/PRE. The LUT may glitch and trigger an unexpected reset, even if it is a properly timed path.
Related violations: <none>

LUTAR-1#2 Warning
LUT drives async reset alert  
LUT cell dbg_hub/inst/BSCANID.u_xsdbm_id/CORE_XSDB.UUT_MASTER/U_ICON_INTERFACE/U_CMD6_RD/U_RD_FIFO/SUBCORE_FIFO.xsdbm_v3_0_5_rdfifo_inst/inst_fifo_gen/gconvfifo.rf/grf.rf/rstblk/ngwrdrst.grst.g7serrst.gwrrd_rst_sync_stage[2].wrst_inst/ngwrdrst.grst.g7serrst.wr_rst_reg[2]_i_1, with 2 or more inputs, drives asynchronous preset/clear pin(s) dbg_hub/inst/BSCANID.u_xsdbm_id/CORE_XSDB.UUT_MASTER/U_ICON_INTERFACE/U_CMD6_RD/U_RD_FIFO/SUBCORE_FIFO.xsdbm_v3_0_5_rdfifo_inst/inst_fifo_gen/gconvfifo.rf/grf.rf/rstblk/ngwrdrst.grst.g7serrst.wr_rst_reg_reg[0]/PRE,
dbg_hub/inst/BSCANID.u_xsdbm_id/CORE_XSDB.UUT_MASTER/U_ICON_INTERFACE/U_CMD6_RD/U_RD_FIFO/SUBCORE_FIFO.xsdbm_v3_0_5_rdfifo_inst/inst_fifo_gen/gconvfifo.rf/grf.rf/rstblk/ngwrdrst.grst.g7serrst.wr_rst_reg_reg[1]/PRE
dbg_hub/inst/BSCANID.u_xsdbm_id/CORE_XSDB.UUT_MASTER/U_ICON_INTERFACE/U_CMD6_RD/U_RD_FIFO/SUBCORE_FIFO.xsdbm_v3_0_5_rdfifo_inst/inst_fifo_gen/gconvfifo.rf/grf.rf/rstblk/ngwrdrst.grst.g7serrst.wr_rst_reg_reg[2]/PRE. The LUT may glitch and trigger an unexpected reset, even if it is a properly timed path.
Related violations: <none>

LUTAR-1#3 Warning
LUT drives async reset alert  
LUT cell dbg_hub/inst/BSCANID.u_xsdbm_id/CORE_XSDB.UUT_MASTER/U_ICON_INTERFACE/U_CMD6_WR/U_WR_FIFO/SUBCORE_FIFO.xsdbm_v3_0_5_wrfifo_inst/inst_fifo_gen/gconvfifo.rf/grf.rf/rstblk/ngwrdrst.grst.g7serrst.gwrrd_rst_sync_stage[2].rrst_inst/ngwrdrst.grst.g7serrst.rd_rst_reg[2]_i_1, with 2 or more inputs, drives asynchronous preset/clear pin(s) dbg_hub/inst/BSCANID.u_xsdbm_id/CORE_XSDB.UUT_MASTER/U_ICON_INTERFACE/U_CMD6_WR/U_WR_FIFO/SUBCORE_FIFO.xsdbm_v3_0_5_wrfifo_inst/inst_fifo_gen/gconvfifo.rf/grf.rf/rstblk/ngwrdrst.grst.g7serrst.rd_rst_reg_reg[0]/PRE,
dbg_hub/inst/BSCANID.u_xsdbm_id/CORE_XSDB.UUT_MASTER/U_ICON_INTERFACE/U_CMD6_WR/U_WR_FIFO/SUBCORE_FIFO.xsdbm_v3_0_5_wrfifo_inst/inst_fifo_gen/gconvfifo.rf/grf.rf/rstblk/ngwrdrst.grst.g7serrst.rd_rst_reg_reg[1]/PRE
dbg_hub/inst/BSCANID.u_xsdbm_id/CORE_XSDB.UUT_MASTER/U_ICON_INTERFACE/U_CMD6_WR/U_WR_FIFO/SUBCORE_FIFO.xsdbm_v3_0_5_wrfifo_inst/inst_fifo_gen/gconvfifo.rf/grf.rf/rstblk/ngwrdrst.grst.g7serrst.rd_rst_reg_reg[2]/PRE. The LUT may glitch and trigger an unexpected reset, even if it is a properly timed path.
Related violations: <none>

LUTAR-1#4 Warning
LUT drives async reset alert  
LUT cell dbg_hub/inst/BSCANID.u_xsdbm_id/CORE_XSDB.UUT_MASTER/U_ICON_INTERFACE/U_CMD6_WR/U_WR_FIFO/SUBCORE_FIFO.xsdbm_v3_0_5_wrfifo_inst/inst_fifo_gen/gconvfifo.rf/grf.rf/rstblk/ngwrdrst.grst.g7serrst.gwrrd_rst_sync_stage[2].wrst_inst/ngwrdrst.grst.g7serrst.wr_rst_reg[2]_i_1, with 2 or more inputs, drives asynchronous preset/clear pin(s) dbg_hub/inst/BSCANID.u_xsdbm_id/CORE_XSDB.UUT_MASTER/U_ICON_INTERFACE/U_CMD6_WR/U_WR_FIFO/SUBCORE_FIFO.xsdbm_v3_0_5_wrfifo_inst/inst_fifo_gen/gconvfifo.rf/grf.rf/rstblk/ngwrdrst.grst.g7serrst.wr_rst_reg_reg[0]/PRE,
dbg_hub/inst/BSCANID.u_xsdbm_id/CORE_XSDB.UUT_MASTER/U_ICON_INTERFACE/U_CMD6_WR/U_WR_FIFO/SUBCORE_FIFO.xsdbm_v3_0_5_wrfifo_inst/inst_fifo_gen/gconvfifo.rf/grf.rf/rstblk/ngwrdrst.grst.g7serrst.wr_rst_reg_reg[1]/PRE
dbg_hub/inst/BSCANID.u_xsdbm_id/CORE_XSDB.UUT_MASTER/U_ICON_INTERFACE/U_CMD6_WR/U_WR_FIFO/SUBCORE_FIFO.xsdbm_v3_0_5_wrfifo_inst/inst_fifo_gen/gconvfifo.rf/grf.rf/rstblk/ngwrdrst.grst.g7serrst.wr_rst_reg_reg[2]/PRE. The LUT may glitch and trigger an unexpected reset, even if it is a properly timed path.
Related violations: <none>

XDCB-5#1 Warning
Runtime inefficient way to find pin objects  
The option '-from : [get_pins -hierarchical -filter {NAME =~ *ila_core_inst/u_trig/N_DDR_TC.N_DDR_TC_INST[*].U_TC/allx_typeA_match_detection.ltlib_v1_0_3_allx_typeA_inst/DUT/u_srl_drive/CLK}]' of constraint 'set_false_path' uses inefficient query to find pin objects (see constraint position '44' in the Timing Constraint window in Vivado IDE). To reduce runtime, it is recommended to get the pins through the cell objects. Please refer to Using Constraints Guide (Constraints Efficiency). An example of optimal query is: get_pins -filter {REF_PIN_NAME=~yy*} -of_objects [get_cells -hierarchical xx*].
Current XDC: c:/Users/qipif/Desktop/FPGAProject/01_Preference/08_mypll/project/mypll.gen/sources_1/ip/ila_0/ila_v6_2/constraints/ila.xdc (Line: 72)
Related violations: <none>

XDCB-5#2 Warning
Runtime inefficient way to find pin objects  
The option '-to : [get_pins -hierarchical -filter {NAME =~ *ila_core_inst/u_trig/N_DDR_TC.N_DDR_TC_INST[*].U_TC/yes_output_reg.dout_reg_reg/D}]' of constraint 'set_false_path' uses inefficient query to find pin objects (see constraint position '44' in the Timing Constraint window in Vivado IDE). To reduce runtime, it is recommended to get the pins through the cell objects. Please refer to Using Constraints Guide (Constraints Efficiency). An example of optimal query is: get_pins -filter {REF_PIN_NAME=~yy*} -of_objects [get_cells -hierarchical xx*].
Current XDC: c:/Users/qipif/Desktop/FPGAProject/01_Preference/08_mypll/project/mypll.gen/sources_1/ip/ila_0/ila_v6_2/constraints/ila.xdc (Line: 72)
Related violations: <none>

XDCC-7#1 Warning
Scoped Clock constraint overwritten on the same source  
A new clock constraint create_clock overrides a previous scoped clock constraint defined on the same source. It is not recommended to override a scoped (typically an IP) clock constraint and could result in unexpected behaviors.
New: create_clock -period 20.000 -name sys_clk [get_ports Ext_Clk] (Source: C:/Users/qipif/Desktop/FPGAProject/01_Preference/08_mypll/source/mypll.xdc (Line: 4))
Previous: create_clock -period 20.000 [get_ports Ext_Clk] (Source: c:/Users/qipif/Desktop/FPGAProject/01_Preference/08_mypll/project/mypll.gen/sources_1/ip/clk_wiz_0/clk_wiz_0.xdc (Line: 53))
Related violations: <none>


