Copyright 1986-2022 Xilinx, Inc. All Rights Reserved. Copyright 2022-2025 Advanced Micro Devices, Inc. All Rights Reserved.
------------------------------------------------------------------------------------------------------------------------------------------------------------------------------------------------------------------------
| Tool Version : Vivado v.2025.2 (win64) Build 6299465 Fri Nov 14 19:35:11 GMT 2025
| Date         : Thu May 21 16:49:11 2026
| Host         : LAPTOP-V5P4DNLK running 64-bit major release  (build 9200)
| Command      : report_timing_summary -max_paths 10 -routable_nets -report_unconstrained -file dpll_timing_summary_routed.rpt -pb dpll_timing_summary_routed.pb -rpx dpll_timing_summary_routed.rpx -warn_on_violation
| Design       : dpll
| Device       : 7a35t-fgg484
| Speed File   : -2  PRODUCTION 1.23 2018-06-13
| Design State : Routed
------------------------------------------------------------------------------------------------------------------------------------------------------------------------------------------------------------------------

Timing Summary Report

------------------------------------------------------------------------------------------------
| Timer Settings
| --------------
------------------------------------------------------------------------------------------------

  Enable Multi Corner Analysis               :  Yes
  Enable Pessimism Removal                   :  Yes
  Pessimism Removal Resolution               :  Nearest Common Node
  Enable Input Delay Default Clock           :  No
  Enable Preset / Clear Arcs                 :  No
  Disable Flight Delays                      :  No
  Ignore I/O Paths                           :  No
  Timing Early Launch at Borrowing Latches   :  No
  Borrow Time for Max Delay Exceptions       :  Yes
  Merge Timing Exceptions                    :  Yes
  Inter-SLR Compensation                     :  Conservative

  Corner  Analyze    Analyze    
  Name    Max Paths  Min Paths  
  ------  ---------  ---------  
  Slow    Yes        Yes        
  Fast    Yes        Yes        


------------------------------------------------------------------------------------------------
| Report Methodology
| ------------------
------------------------------------------------------------------------------------------------

Rule       Severity          Description                  Violations  
---------  ----------------  ---------------------------  ----------  
TIMING-17  Critical Warning  Non-clocked sequential cell  74          

Note: This report is based on the most recent report_methodology run and may not be up-to-date. Run report_methodology on the current design for the latest report.



check_timing report

Table of Contents
-----------------
1. checking no_clock (84)
2. checking constant_clock (0)
3. checking pulse_width_clock (0)
4. checking unconstrained_internal_endpoints (158)
5. checking no_input_delay (2)
6. checking no_output_delay (1)
7. checking multiple_clock (0)
8. checking generated_clocks (0)
9. checking loops (0)
10. checking partial_input_delay (0)
11. checking partial_output_delay (0)
12. checking latch_loops (0)

1. checking no_clock (84)
-------------------------
 There are 63 register/latch pins with no clock driven by root clock pin: MainClock (HIGH)

 There is 1 register/latch pin with no clock driven by root clock pin: inst_freqdiv/overflow_reg/Q (HIGH)

 There are 10 register/latch pins with no clock driven by root clock pin: inst_ph_cmp/InputSignalEdgeDet_reg[0]/Q (HIGH)

 There are 10 register/latch pins with no clock driven by root clock pin: inst_ph_cmp/InputSignalEdgeDet_reg[1]/Q (HIGH)


2. checking constant_clock (0)
------------------------------
 There are 0 register/latch pins with constant_clock.


3. checking pulse_width_clock (0)
---------------------------------
 There are 0 register/latch pins which need pulse_width check


4. checking unconstrained_internal_endpoints (158)
--------------------------------------------------
 There are 158 pins that are not constrained for maximum delay. (HIGH)

 There are 0 pins that are not constrained for maximum delay due to constant clock.


5. checking no_input_delay (2)
------------------------------
 There are 2 input ports with no input delay specified. (HIGH)

 There are 0 input ports with no input delay but user has a false path constraint.


6. checking no_output_delay (1)
-------------------------------
 There is 1 port with no output delay specified. (HIGH)

 There are 0 ports with no output delay but user has a false path constraint

 There are 0 ports with no output delay but with a timing clock defined on it or propagating through it


7. checking multiple_clock (0)
------------------------------
 There are 0 register/latch pins with multiple clocks.


8. checking generated_clocks (0)
--------------------------------
 There are 0 generated clocks that are not connected to a clock source.


9. checking loops (0)
---------------------
 There are 0 combinational loops in the design.


10. checking partial_input_delay (0)
------------------------------------
 There are 0 input ports with partial input delay specified.


11. checking partial_output_delay (0)
-------------------------------------
 There are 0 ports with partial output delay specified.


12. checking latch_loops (0)
----------------------------
 There are 0 combinational latch loops in the design through latch input



------------------------------------------------------------------------------------------------
| Design Timing Summary
| ---------------------
------------------------------------------------------------------------------------------------

    WNS(ns)      TNS(ns)  TNS Failing Endpoints  TNS Total Endpoints      WHS(ns)      THS(ns)  THS Failing Endpoints  THS Total Endpoints     WPWS(ns)     TPWS(ns)  TPWS Failing Endpoints  TPWS Total Endpoints  
    -------      -------  ---------------------  -------------------      -------      -------  ---------------------  -------------------     --------     --------  ----------------------  --------------------  
        inf        0.000                      0                  159          inf        0.000                      0                  159           NA           NA                      NA                    NA  


There are no user specified timing constraints.


------------------------------------------------------------------------------------------------
| Clock Summary
| -------------
------------------------------------------------------------------------------------------------


------------------------------------------------------------------------------------------------
| Intra Clock Table
| -----------------
------------------------------------------------------------------------------------------------

Clock             WNS(ns)      TNS(ns)  TNS Failing Endpoints  TNS Total Endpoints      WHS(ns)      THS(ns)  THS Failing Endpoints  THS Total Endpoints     WPWS(ns)     TPWS(ns)  TPWS Failing Endpoints  TPWS Total Endpoints  
-----             -------      -------  ---------------------  -------------------      -------      -------  ---------------------  -------------------     --------     --------  ----------------------  --------------------  


------------------------------------------------------------------------------------------------
| Inter Clock Table
| -----------------
------------------------------------------------------------------------------------------------

From Clock    To Clock          WNS(ns)      TNS(ns)  TNS Failing Endpoints  TNS Total Endpoints      WHS(ns)      THS(ns)  THS Failing Endpoints  THS Total Endpoints  
----------    --------          -------      -------  ---------------------  -------------------      -------      -------  ---------------------  -------------------  


------------------------------------------------------------------------------------------------
| Other Path Groups Table
| -----------------------
------------------------------------------------------------------------------------------------

Path Group    From Clock    To Clock          WNS(ns)      TNS(ns)  TNS Failing Endpoints  TNS Total Endpoints      WHS(ns)      THS(ns)  THS Failing Endpoints  THS Total Endpoints  
----------    ----------    --------          -------      -------  ---------------------  -------------------      -------      -------  ---------------------  -------------------  


------------------------------------------------------------------------------------------------
| User Ignored Path Table
| -----------------------
------------------------------------------------------------------------------------------------

Path Group    From Clock    To Clock    
----------    ----------    --------    


------------------------------------------------------------------------------------------------
| Unconstrained Path Table
| ------------------------
------------------------------------------------------------------------------------------------

Path Group    From Clock    To Clock    
----------    ----------    --------    
(none)                                    


------------------------------------------------------------------------------------------------
| Timing Details
| --------------
------------------------------------------------------------------------------------------------


--------------------------------------------------------------------------------------
Path Group:  (none)
From Clock:  
  To Clock:  

Max Delay           159 Endpoints
Min Delay           159 Endpoints
--------------------------------------------------------------------------------------


Max Delay Paths
--------------------------------------------------------------------------------------
Slack:                    inf
  Source:                 inst_freqdiv/DividerMaxValue_reg[0]/C
                            (rising edge-triggered cell FDRE)
  Destination:            inst_freqdiv/DividerCounter_reg[1]/R
  Path Group:             (none)
  Path Type:              Max at Slow Process Corner
  Data Path Delay:        5.691ns  (logic 1.374ns (24.145%)  route 4.317ns (75.855%))
  Logic Levels:           8  (CARRY4=4 FDRE=1 LUT5=1 LUT6=2)

    Location             Delay type                Incr(ns)  Path(ns)    Netlist Resource(s)
  -------------------------------------------------------------------    -------------------
    SLICE_X64Y5          FDRE                         0.000     0.000 r  inst_freqdiv/DividerMaxValue_reg[0]/C
    SLICE_X64Y5          FDRE (Prop_fdre_C_Q)         0.433     0.433 r  inst_freqdiv/DividerMaxValue_reg[0]/Q
                         net (fo=15, routed)          1.422     1.855    inst_freqdiv/DividerMaxValue[0]
    SLICE_X60Y5          LUT6 (Prop_lut6_I2_O)        0.105     1.960 r  inst_freqdiv/i__carry_i_5__0/O
                         net (fo=27, routed)          1.272     3.232    inst_freqdiv/i__carry_i_5__0_n_0
    SLICE_X63Y2          LUT5 (Prop_lut5_I3_O)        0.105     3.337 r  inst_freqdiv/i__carry_i_5/O
                         net (fo=1, routed)           0.000     3.337    inst_freqdiv/i__carry_i_5_n_0
    SLICE_X63Y2          CARRY4 (Prop_carry4_S[3]_CO[3])
                                                      0.332     3.669 r  inst_freqdiv/DividerCounter2_inferred__0/i__carry/CO[3]
                         net (fo=1, routed)           0.000     3.669    inst_freqdiv/DividerCounter2_inferred__0/i__carry_n_0
    SLICE_X63Y3          CARRY4 (Prop_carry4_CI_CO[3])
                                                      0.098     3.767 r  inst_freqdiv/DividerCounter2_inferred__0/i__carry__0/CO[3]
                         net (fo=1, routed)           0.000     3.767    inst_freqdiv/DividerCounter2_inferred__0/i__carry__0_n_0
    SLICE_X63Y4          CARRY4 (Prop_carry4_CI_CO[3])
                                                      0.098     3.865 r  inst_freqdiv/DividerCounter2_inferred__0/i__carry__1/CO[3]
                         net (fo=1, routed)           0.000     3.865    inst_freqdiv/DividerCounter2_inferred__0/i__carry__1_n_0
    SLICE_X63Y5          CARRY4 (Prop_carry4_CI_CO[3])
                                                      0.098     3.963 r  inst_freqdiv/DividerCounter2_inferred__0/i__carry__2/CO[3]
                         net (fo=3, routed)           0.819     4.782    inst_freqdiv/DividerMaxValue_reg[6]_2[0]
    SLICE_X62Y5          LUT6 (Prop_lut6_I3_O)        0.105     4.887 r  inst_freqdiv/DividerCounter[14]_i_1/O
                         net (fo=14, routed)          0.804     5.691    inst_freqdiv/DividerCounter[14]
    SLICE_X62Y1          FDRE                                         r  inst_freqdiv/DividerCounter_reg[1]/R
  -------------------------------------------------------------------    -------------------

Slack:                    inf
  Source:                 inst_freqdiv/DividerMaxValue_reg[0]/C
                            (rising edge-triggered cell FDRE)
  Destination:            inst_freqdiv/DividerCounter_reg[2]/R
  Path Group:             (none)
  Path Type:              Max at Slow Process Corner
  Data Path Delay:        5.691ns  (logic 1.374ns (24.145%)  route 4.317ns (75.855%))
  Logic Levels:           8  (CARRY4=4 FDRE=1 LUT5=1 LUT6=2)

    Location             Delay type                Incr(ns)  Path(ns)    Netlist Resource(s)
  -------------------------------------------------------------------    -------------------
    SLICE_X64Y5          FDRE                         0.000     0.000 r  inst_freqdiv/DividerMaxValue_reg[0]/C
    SLICE_X64Y5          FDRE (Prop_fdre_C_Q)         0.433     0.433 r  inst_freqdiv/DividerMaxValue_reg[0]/Q
                         net (fo=15, routed)          1.422     1.855    inst_freqdiv/DividerMaxValue[0]
    SLICE_X60Y5          LUT6 (Prop_lut6_I2_O)        0.105     1.960 r  inst_freqdiv/i__carry_i_5__0/O
                         net (fo=27, routed)          1.272     3.232    inst_freqdiv/i__carry_i_5__0_n_0
    SLICE_X63Y2          LUT5 (Prop_lut5_I3_O)        0.105     3.337 r  inst_freqdiv/i__carry_i_5/O
                         net (fo=1, routed)           0.000     3.337    inst_freqdiv/i__carry_i_5_n_0
    SLICE_X63Y2          CARRY4 (Prop_carry4_S[3]_CO[3])
                                                      0.332     3.669 r  inst_freqdiv/DividerCounter2_inferred__0/i__carry/CO[3]
                         net (fo=1, routed)           0.000     3.669    inst_freqdiv/DividerCounter2_inferred__0/i__carry_n_0
    SLICE_X63Y3          CARRY4 (Prop_carry4_CI_CO[3])
                                                      0.098     3.767 r  inst_freqdiv/DividerCounter2_inferred__0/i__carry__0/CO[3]
                         net (fo=1, routed)           0.000     3.767    inst_freqdiv/DividerCounter2_inferred__0/i__carry__0_n_0
    SLICE_X63Y4          CARRY4 (Prop_carry4_CI_CO[3])
                                                      0.098     3.865 r  inst_freqdiv/DividerCounter2_inferred__0/i__carry__1/CO[3]
                         net (fo=1, routed)           0.000     3.865    inst_freqdiv/DividerCounter2_inferred__0/i__carry__1_n_0
    SLICE_X63Y5          CARRY4 (Prop_carry4_CI_CO[3])
                                                      0.098     3.963 r  inst_freqdiv/DividerCounter2_inferred__0/i__carry__2/CO[3]
                         net (fo=3, routed)           0.819     4.782    inst_freqdiv/DividerMaxValue_reg[6]_2[0]
    SLICE_X62Y5          LUT6 (Prop_lut6_I3_O)        0.105     4.887 r  inst_freqdiv/DividerCounter[14]_i_1/O
                         net (fo=14, routed)          0.804     5.691    inst_freqdiv/DividerCounter[14]
    SLICE_X62Y1          FDRE                                         r  inst_freqdiv/DividerCounter_reg[2]/R
  -------------------------------------------------------------------    -------------------

Slack:                    inf
  Source:                 inst_freqdiv/DividerMaxValue_reg[0]/C
                            (rising edge-triggered cell FDRE)
  Destination:            inst_freqdiv/DividerCounter_reg[3]/R
  Path Group:             (none)
  Path Type:              Max at Slow Process Corner
  Data Path Delay:        5.691ns  (logic 1.374ns (24.145%)  route 4.317ns (75.855%))
  Logic Levels:           8  (CARRY4=4 FDRE=1 LUT5=1 LUT6=2)

    Location             Delay type                Incr(ns)  Path(ns)    Netlist Resource(s)
  -------------------------------------------------------------------    -------------------
    SLICE_X64Y5          FDRE                         0.000     0.000 r  inst_freqdiv/DividerMaxValue_reg[0]/C
    SLICE_X64Y5          FDRE (Prop_fdre_C_Q)         0.433     0.433 r  inst_freqdiv/DividerMaxValue_reg[0]/Q
                         net (fo=15, routed)          1.422     1.855    inst_freqdiv/DividerMaxValue[0]
    SLICE_X60Y5          LUT6 (Prop_lut6_I2_O)        0.105     1.960 r  inst_freqdiv/i__carry_i_5__0/O
                         net (fo=27, routed)          1.272     3.232    inst_freqdiv/i__carry_i_5__0_n_0
    SLICE_X63Y2          LUT5 (Prop_lut5_I3_O)        0.105     3.337 r  inst_freqdiv/i__carry_i_5/O
                         net (fo=1, routed)           0.000     3.337    inst_freqdiv/i__carry_i_5_n_0
    SLICE_X63Y2          CARRY4 (Prop_carry4_S[3]_CO[3])
                                                      0.332     3.669 r  inst_freqdiv/DividerCounter2_inferred__0/i__carry/CO[3]
                         net (fo=1, routed)           0.000     3.669    inst_freqdiv/DividerCounter2_inferred__0/i__carry_n_0
    SLICE_X63Y3          CARRY4 (Prop_carry4_CI_CO[3])
                                                      0.098     3.767 r  inst_freqdiv/DividerCounter2_inferred__0/i__carry__0/CO[3]
                         net (fo=1, routed)           0.000     3.767    inst_freqdiv/DividerCounter2_inferred__0/i__carry__0_n_0
    SLICE_X63Y4          CARRY4 (Prop_carry4_CI_CO[3])
                                                      0.098     3.865 r  inst_freqdiv/DividerCounter2_inferred__0/i__carry__1/CO[3]
                         net (fo=1, routed)           0.000     3.865    inst_freqdiv/DividerCounter2_inferred__0/i__carry__1_n_0
    SLICE_X63Y5          CARRY4 (Prop_carry4_CI_CO[3])
                                                      0.098     3.963 r  inst_freqdiv/DividerCounter2_inferred__0/i__carry__2/CO[3]
                         net (fo=3, routed)           0.819     4.782    inst_freqdiv/DividerMaxValue_reg[6]_2[0]
    SLICE_X62Y5          LUT6 (Prop_lut6_I3_O)        0.105     4.887 r  inst_freqdiv/DividerCounter[14]_i_1/O
                         net (fo=14, routed)          0.804     5.691    inst_freqdiv/DividerCounter[14]
    SLICE_X62Y1          FDRE                                         r  inst_freqdiv/DividerCounter_reg[3]/R
  -------------------------------------------------------------------    -------------------

Slack:                    inf
  Source:                 inst_freqdiv/DividerMaxValue_reg[0]/C
                            (rising edge-triggered cell FDRE)
  Destination:            inst_freqdiv/DividerCounter_reg[4]/R
  Path Group:             (none)
  Path Type:              Max at Slow Process Corner
  Data Path Delay:        5.582ns  (logic 1.374ns (24.616%)  route 4.208ns (75.384%))
  Logic Levels:           8  (CARRY4=4 FDRE=1 LUT5=1 LUT6=2)

    Location             Delay type                Incr(ns)  Path(ns)    Netlist Resource(s)
  -------------------------------------------------------------------    -------------------
    SLICE_X64Y5          FDRE                         0.000     0.000 r  inst_freqdiv/DividerMaxValue_reg[0]/C
    SLICE_X64Y5          FDRE (Prop_fdre_C_Q)         0.433     0.433 r  inst_freqdiv/DividerMaxValue_reg[0]/Q
                         net (fo=15, routed)          1.422     1.855    inst_freqdiv/DividerMaxValue[0]
    SLICE_X60Y5          LUT6 (Prop_lut6_I2_O)        0.105     1.960 r  inst_freqdiv/i__carry_i_5__0/O
                         net (fo=27, routed)          1.272     3.232    inst_freqdiv/i__carry_i_5__0_n_0
    SLICE_X63Y2          LUT5 (Prop_lut5_I3_O)        0.105     3.337 r  inst_freqdiv/i__carry_i_5/O
                         net (fo=1, routed)           0.000     3.337    inst_freqdiv/i__carry_i_5_n_0
    SLICE_X63Y2          CARRY4 (Prop_carry4_S[3]_CO[3])
                                                      0.332     3.669 r  inst_freqdiv/DividerCounter2_inferred__0/i__carry/CO[3]
                         net (fo=1, routed)           0.000     3.669    inst_freqdiv/DividerCounter2_inferred__0/i__carry_n_0
    SLICE_X63Y3          CARRY4 (Prop_carry4_CI_CO[3])
                                                      0.098     3.767 r  inst_freqdiv/DividerCounter2_inferred__0/i__carry__0/CO[3]
                         net (fo=1, routed)           0.000     3.767    inst_freqdiv/DividerCounter2_inferred__0/i__carry__0_n_0
    SLICE_X63Y4          CARRY4 (Prop_carry4_CI_CO[3])
                                                      0.098     3.865 r  inst_freqdiv/DividerCounter2_inferred__0/i__carry__1/CO[3]
                         net (fo=1, routed)           0.000     3.865    inst_freqdiv/DividerCounter2_inferred__0/i__carry__1_n_0
    SLICE_X63Y5          CARRY4 (Prop_carry4_CI_CO[3])
                                                      0.098     3.963 r  inst_freqdiv/DividerCounter2_inferred__0/i__carry__2/CO[3]
                         net (fo=3, routed)           0.819     4.782    inst_freqdiv/DividerMaxValue_reg[6]_2[0]
    SLICE_X62Y5          LUT6 (Prop_lut6_I3_O)        0.105     4.887 r  inst_freqdiv/DividerCounter[14]_i_1/O
                         net (fo=14, routed)          0.695     5.582    inst_freqdiv/DividerCounter[14]
    SLICE_X62Y2          FDRE                                         r  inst_freqdiv/DividerCounter_reg[4]/R
  -------------------------------------------------------------------    -------------------

Slack:                    inf
  Source:                 inst_freqdiv/DividerMaxValue_reg[0]/C
                            (rising edge-triggered cell FDRE)
  Destination:            inst_freqdiv/DividerCounter_reg[5]/R
  Path Group:             (none)
  Path Type:              Max at Slow Process Corner
  Data Path Delay:        5.582ns  (logic 1.374ns (24.616%)  route 4.208ns (75.384%))
  Logic Levels:           8  (CARRY4=4 FDRE=1 LUT5=1 LUT6=2)

    Location             Delay type                Incr(ns)  Path(ns)    Netlist Resource(s)
  -------------------------------------------------------------------    -------------------
    SLICE_X64Y5          FDRE                         0.000     0.000 r  inst_freqdiv/DividerMaxValue_reg[0]/C
    SLICE_X64Y5          FDRE (Prop_fdre_C_Q)         0.433     0.433 r  inst_freqdiv/DividerMaxValue_reg[0]/Q
                         net (fo=15, routed)          1.422     1.855    inst_freqdiv/DividerMaxValue[0]
    SLICE_X60Y5          LUT6 (Prop_lut6_I2_O)        0.105     1.960 r  inst_freqdiv/i__carry_i_5__0/O
                         net (fo=27, routed)          1.272     3.232    inst_freqdiv/i__carry_i_5__0_n_0
    SLICE_X63Y2          LUT5 (Prop_lut5_I3_O)        0.105     3.337 r  inst_freqdiv/i__carry_i_5/O
                         net (fo=1, routed)           0.000     3.337    inst_freqdiv/i__carry_i_5_n_0
    SLICE_X63Y2          CARRY4 (Prop_carry4_S[3]_CO[3])
                                                      0.332     3.669 r  inst_freqdiv/DividerCounter2_inferred__0/i__carry/CO[3]
                         net (fo=1, routed)           0.000     3.669    inst_freqdiv/DividerCounter2_inferred__0/i__carry_n_0
    SLICE_X63Y3          CARRY4 (Prop_carry4_CI_CO[3])
                                                      0.098     3.767 r  inst_freqdiv/DividerCounter2_inferred__0/i__carry__0/CO[3]
                         net (fo=1, routed)           0.000     3.767    inst_freqdiv/DividerCounter2_inferred__0/i__carry__0_n_0
    SLICE_X63Y4          CARRY4 (Prop_carry4_CI_CO[3])
                                                      0.098     3.865 r  inst_freqdiv/DividerCounter2_inferred__0/i__carry__1/CO[3]
                         net (fo=1, routed)           0.000     3.865    inst_freqdiv/DividerCounter2_inferred__0/i__carry__1_n_0
    SLICE_X63Y5          CARRY4 (Prop_carry4_CI_CO[3])
                                                      0.098     3.963 r  inst_freqdiv/DividerCounter2_inferred__0/i__carry__2/CO[3]
                         net (fo=3, routed)           0.819     4.782    inst_freqdiv/DividerMaxValue_reg[6]_2[0]
    SLICE_X62Y5          LUT6 (Prop_lut6_I3_O)        0.105     4.887 r  inst_freqdiv/DividerCounter[14]_i_1/O
                         net (fo=14, routed)          0.695     5.582    inst_freqdiv/DividerCounter[14]
    SLICE_X62Y2          FDRE                                         r  inst_freqdiv/DividerCounter_reg[5]/R
  -------------------------------------------------------------------    -------------------

Slack:                    inf
  Source:                 inst_freqdiv/DividerMaxValue_reg[0]/C
                            (rising edge-triggered cell FDRE)
  Destination:            inst_freqdiv/DividerCounter_reg[6]/R
  Path Group:             (none)
  Path Type:              Max at Slow Process Corner
  Data Path Delay:        5.582ns  (logic 1.374ns (24.616%)  route 4.208ns (75.384%))
  Logic Levels:           8  (CARRY4=4 FDRE=1 LUT5=1 LUT6=2)

    Location             Delay type                Incr(ns)  Path(ns)    Netlist Resource(s)
  -------------------------------------------------------------------    -------------------
    SLICE_X64Y5          FDRE                         0.000     0.000 r  inst_freqdiv/DividerMaxValue_reg[0]/C
    SLICE_X64Y5          FDRE (Prop_fdre_C_Q)         0.433     0.433 r  inst_freqdiv/DividerMaxValue_reg[0]/Q
                         net (fo=15, routed)          1.422     1.855    inst_freqdiv/DividerMaxValue[0]
    SLICE_X60Y5          LUT6 (Prop_lut6_I2_O)        0.105     1.960 r  inst_freqdiv/i__carry_i_5__0/O
                         net (fo=27, routed)          1.272     3.232    inst_freqdiv/i__carry_i_5__0_n_0
    SLICE_X63Y2          LUT5 (Prop_lut5_I3_O)        0.105     3.337 r  inst_freqdiv/i__carry_i_5/O
                         net (fo=1, routed)           0.000     3.337    inst_freqdiv/i__carry_i_5_n_0
    SLICE_X63Y2          CARRY4 (Prop_carry4_S[3]_CO[3])
                                                      0.332     3.669 r  inst_freqdiv/DividerCounter2_inferred__0/i__carry/CO[3]
                         net (fo=1, routed)           0.000     3.669    inst_freqdiv/DividerCounter2_inferred__0/i__carry_n_0
    SLICE_X63Y3          CARRY4 (Prop_carry4_CI_CO[3])
                                                      0.098     3.767 r  inst_freqdiv/DividerCounter2_inferred__0/i__carry__0/CO[3]
                         net (fo=1, routed)           0.000     3.767    inst_freqdiv/DividerCounter2_inferred__0/i__carry__0_n_0
    SLICE_X63Y4          CARRY4 (Prop_carry4_CI_CO[3])
                                                      0.098     3.865 r  inst_freqdiv/DividerCounter2_inferred__0/i__carry__1/CO[3]
                         net (fo=1, routed)           0.000     3.865    inst_freqdiv/DividerCounter2_inferred__0/i__carry__1_n_0
    SLICE_X63Y5          CARRY4 (Prop_carry4_CI_CO[3])
                                                      0.098     3.963 r  inst_freqdiv/DividerCounter2_inferred__0/i__carry__2/CO[3]
                         net (fo=3, routed)           0.819     4.782    inst_freqdiv/DividerMaxValue_reg[6]_2[0]
    SLICE_X62Y5          LUT6 (Prop_lut6_I3_O)        0.105     4.887 r  inst_freqdiv/DividerCounter[14]_i_1/O
                         net (fo=14, routed)          0.695     5.582    inst_freqdiv/DividerCounter[14]
    SLICE_X62Y2          FDRE                                         r  inst_freqdiv/DividerCounter_reg[6]/R
  -------------------------------------------------------------------    -------------------

Slack:                    inf
  Source:                 inst_freqdiv/DividerMaxValue_reg[0]/C
                            (rising edge-triggered cell FDRE)
  Destination:            inst_freqdiv/DividerCounter_reg[7]/R
  Path Group:             (none)
  Path Type:              Max at Slow Process Corner
  Data Path Delay:        5.582ns  (logic 1.374ns (24.616%)  route 4.208ns (75.384%))
  Logic Levels:           8  (CARRY4=4 FDRE=1 LUT5=1 LUT6=2)

    Location             Delay type                Incr(ns)  Path(ns)    Netlist Resource(s)
  -------------------------------------------------------------------    -------------------
    SLICE_X64Y5          FDRE                         0.000     0.000 r  inst_freqdiv/DividerMaxValue_reg[0]/C
    SLICE_X64Y5          FDRE (Prop_fdre_C_Q)         0.433     0.433 r  inst_freqdiv/DividerMaxValue_reg[0]/Q
                         net (fo=15, routed)          1.422     1.855    inst_freqdiv/DividerMaxValue[0]
    SLICE_X60Y5          LUT6 (Prop_lut6_I2_O)        0.105     1.960 r  inst_freqdiv/i__carry_i_5__0/O
                         net (fo=27, routed)          1.272     3.232    inst_freqdiv/i__carry_i_5__0_n_0
    SLICE_X63Y2          LUT5 (Prop_lut5_I3_O)        0.105     3.337 r  inst_freqdiv/i__carry_i_5/O
                         net (fo=1, routed)           0.000     3.337    inst_freqdiv/i__carry_i_5_n_0
    SLICE_X63Y2          CARRY4 (Prop_carry4_S[3]_CO[3])
                                                      0.332     3.669 r  inst_freqdiv/DividerCounter2_inferred__0/i__carry/CO[3]
                         net (fo=1, routed)           0.000     3.669    inst_freqdiv/DividerCounter2_inferred__0/i__carry_n_0
    SLICE_X63Y3          CARRY4 (Prop_carry4_CI_CO[3])
                                                      0.098     3.767 r  inst_freqdiv/DividerCounter2_inferred__0/i__carry__0/CO[3]
                         net (fo=1, routed)           0.000     3.767    inst_freqdiv/DividerCounter2_inferred__0/i__carry__0_n_0
    SLICE_X63Y4          CARRY4 (Prop_carry4_CI_CO[3])
                                                      0.098     3.865 r  inst_freqdiv/DividerCounter2_inferred__0/i__carry__1/CO[3]
                         net (fo=1, routed)           0.000     3.865    inst_freqdiv/DividerCounter2_inferred__0/i__carry__1_n_0
    SLICE_X63Y5          CARRY4 (Prop_carry4_CI_CO[3])
                                                      0.098     3.963 r  inst_freqdiv/DividerCounter2_inferred__0/i__carry__2/CO[3]
                         net (fo=3, routed)           0.819     4.782    inst_freqdiv/DividerMaxValue_reg[6]_2[0]
    SLICE_X62Y5          LUT6 (Prop_lut6_I3_O)        0.105     4.887 r  inst_freqdiv/DividerCounter[14]_i_1/O
                         net (fo=14, routed)          0.695     5.582    inst_freqdiv/DividerCounter[14]
    SLICE_X62Y2          FDRE                                         r  inst_freqdiv/DividerCounter_reg[7]/R
  -------------------------------------------------------------------    -------------------

Slack:                    inf
  Source:                 inst_freqdiv/DividerMaxValue_reg[0]/C
                            (rising edge-triggered cell FDRE)
  Destination:            inst_freqdiv/DividerCounter_reg[10]/R
  Path Group:             (none)
  Path Type:              Max at Slow Process Corner
  Data Path Delay:        5.464ns  (logic 1.374ns (25.146%)  route 4.090ns (74.854%))
  Logic Levels:           8  (CARRY4=4 FDRE=1 LUT5=1 LUT6=2)

    Location             Delay type                Incr(ns)  Path(ns)    Netlist Resource(s)
  -------------------------------------------------------------------    -------------------
    SLICE_X64Y5          FDRE                         0.000     0.000 r  inst_freqdiv/DividerMaxValue_reg[0]/C
    SLICE_X64Y5          FDRE (Prop_fdre_C_Q)         0.433     0.433 r  inst_freqdiv/DividerMaxValue_reg[0]/Q
                         net (fo=15, routed)          1.422     1.855    inst_freqdiv/DividerMaxValue[0]
    SLICE_X60Y5          LUT6 (Prop_lut6_I2_O)        0.105     1.960 r  inst_freqdiv/i__carry_i_5__0/O
                         net (fo=27, routed)          1.272     3.232    inst_freqdiv/i__carry_i_5__0_n_0
    SLICE_X63Y2          LUT5 (Prop_lut5_I3_O)        0.105     3.337 r  inst_freqdiv/i__carry_i_5/O
                         net (fo=1, routed)           0.000     3.337    inst_freqdiv/i__carry_i_5_n_0
    SLICE_X63Y2          CARRY4 (Prop_carry4_S[3]_CO[3])
                                                      0.332     3.669 r  inst_freqdiv/DividerCounter2_inferred__0/i__carry/CO[3]
                         net (fo=1, routed)           0.000     3.669    inst_freqdiv/DividerCounter2_inferred__0/i__carry_n_0
    SLICE_X63Y3          CARRY4 (Prop_carry4_CI_CO[3])
                                                      0.098     3.767 r  inst_freqdiv/DividerCounter2_inferred__0/i__carry__0/CO[3]
                         net (fo=1, routed)           0.000     3.767    inst_freqdiv/DividerCounter2_inferred__0/i__carry__0_n_0
    SLICE_X63Y4          CARRY4 (Prop_carry4_CI_CO[3])
                                                      0.098     3.865 r  inst_freqdiv/DividerCounter2_inferred__0/i__carry__1/CO[3]
                         net (fo=1, routed)           0.000     3.865    inst_freqdiv/DividerCounter2_inferred__0/i__carry__1_n_0
    SLICE_X63Y5          CARRY4 (Prop_carry4_CI_CO[3])
                                                      0.098     3.963 r  inst_freqdiv/DividerCounter2_inferred__0/i__carry__2/CO[3]
                         net (fo=3, routed)           0.819     4.782    inst_freqdiv/DividerMaxValue_reg[6]_2[0]
    SLICE_X62Y5          LUT6 (Prop_lut6_I3_O)        0.105     4.887 r  inst_freqdiv/DividerCounter[14]_i_1/O
                         net (fo=14, routed)          0.577     5.464    inst_freqdiv/DividerCounter[14]
    SLICE_X62Y3          FDRE                                         r  inst_freqdiv/DividerCounter_reg[10]/R
  -------------------------------------------------------------------    -------------------

Slack:                    inf
  Source:                 inst_freqdiv/DividerMaxValue_reg[0]/C
                            (rising edge-triggered cell FDRE)
  Destination:            inst_freqdiv/DividerCounter_reg[11]/R
  Path Group:             (none)
  Path Type:              Max at Slow Process Corner
  Data Path Delay:        5.464ns  (logic 1.374ns (25.146%)  route 4.090ns (74.854%))
  Logic Levels:           8  (CARRY4=4 FDRE=1 LUT5=1 LUT6=2)

    Location             Delay type                Incr(ns)  Path(ns)    Netlist Resource(s)
  -------------------------------------------------------------------    -------------------
    SLICE_X64Y5          FDRE                         0.000     0.000 r  inst_freqdiv/DividerMaxValue_reg[0]/C
    SLICE_X64Y5          FDRE (Prop_fdre_C_Q)         0.433     0.433 r  inst_freqdiv/DividerMaxValue_reg[0]/Q
                         net (fo=15, routed)          1.422     1.855    inst_freqdiv/DividerMaxValue[0]
    SLICE_X60Y5          LUT6 (Prop_lut6_I2_O)        0.105     1.960 r  inst_freqdiv/i__carry_i_5__0/O
                         net (fo=27, routed)          1.272     3.232    inst_freqdiv/i__carry_i_5__0_n_0
    SLICE_X63Y2          LUT5 (Prop_lut5_I3_O)        0.105     3.337 r  inst_freqdiv/i__carry_i_5/O
                         net (fo=1, routed)           0.000     3.337    inst_freqdiv/i__carry_i_5_n_0
    SLICE_X63Y2          CARRY4 (Prop_carry4_S[3]_CO[3])
                                                      0.332     3.669 r  inst_freqdiv/DividerCounter2_inferred__0/i__carry/CO[3]
                         net (fo=1, routed)           0.000     3.669    inst_freqdiv/DividerCounter2_inferred__0/i__carry_n_0
    SLICE_X63Y3          CARRY4 (Prop_carry4_CI_CO[3])
                                                      0.098     3.767 r  inst_freqdiv/DividerCounter2_inferred__0/i__carry__0/CO[3]
                         net (fo=1, routed)           0.000     3.767    inst_freqdiv/DividerCounter2_inferred__0/i__carry__0_n_0
    SLICE_X63Y4          CARRY4 (Prop_carry4_CI_CO[3])
                                                      0.098     3.865 r  inst_freqdiv/DividerCounter2_inferred__0/i__carry__1/CO[3]
                         net (fo=1, routed)           0.000     3.865    inst_freqdiv/DividerCounter2_inferred__0/i__carry__1_n_0
    SLICE_X63Y5          CARRY4 (Prop_carry4_CI_CO[3])
                                                      0.098     3.963 r  inst_freqdiv/DividerCounter2_inferred__0/i__carry__2/CO[3]
                         net (fo=3, routed)           0.819     4.782    inst_freqdiv/DividerMaxValue_reg[6]_2[0]
    SLICE_X62Y5          LUT6 (Prop_lut6_I3_O)        0.105     4.887 r  inst_freqdiv/DividerCounter[14]_i_1/O
                         net (fo=14, routed)          0.577     5.464    inst_freqdiv/DividerCounter[14]
    SLICE_X62Y3          FDRE                                         r  inst_freqdiv/DividerCounter_reg[11]/R
  -------------------------------------------------------------------    -------------------

Slack:                    inf
  Source:                 inst_freqdiv/DividerMaxValue_reg[0]/C
                            (rising edge-triggered cell FDRE)
  Destination:            inst_freqdiv/DividerCounter_reg[8]/R
  Path Group:             (none)
  Path Type:              Max at Slow Process Corner
  Data Path Delay:        5.464ns  (logic 1.374ns (25.146%)  route 4.090ns (74.854%))
  Logic Levels:           8  (CARRY4=4 FDRE=1 LUT5=1 LUT6=2)

    Location             Delay type                Incr(ns)  Path(ns)    Netlist Resource(s)
  -------------------------------------------------------------------    -------------------
    SLICE_X64Y5          FDRE                         0.000     0.000 r  inst_freqdiv/DividerMaxValue_reg[0]/C
    SLICE_X64Y5          FDRE (Prop_fdre_C_Q)         0.433     0.433 r  inst_freqdiv/DividerMaxValue_reg[0]/Q
                         net (fo=15, routed)          1.422     1.855    inst_freqdiv/DividerMaxValue[0]
    SLICE_X60Y5          LUT6 (Prop_lut6_I2_O)        0.105     1.960 r  inst_freqdiv/i__carry_i_5__0/O
                         net (fo=27, routed)          1.272     3.232    inst_freqdiv/i__carry_i_5__0_n_0
    SLICE_X63Y2          LUT5 (Prop_lut5_I3_O)        0.105     3.337 r  inst_freqdiv/i__carry_i_5/O
                         net (fo=1, routed)           0.000     3.337    inst_freqdiv/i__carry_i_5_n_0
    SLICE_X63Y2          CARRY4 (Prop_carry4_S[3]_CO[3])
                                                      0.332     3.669 r  inst_freqdiv/DividerCounter2_inferred__0/i__carry/CO[3]
                         net (fo=1, routed)           0.000     3.669    inst_freqdiv/DividerCounter2_inferred__0/i__carry_n_0
    SLICE_X63Y3          CARRY4 (Prop_carry4_CI_CO[3])
                                                      0.098     3.767 r  inst_freqdiv/DividerCounter2_inferred__0/i__carry__0/CO[3]
                         net (fo=1, routed)           0.000     3.767    inst_freqdiv/DividerCounter2_inferred__0/i__carry__0_n_0
    SLICE_X63Y4          CARRY4 (Prop_carry4_CI_CO[3])
                                                      0.098     3.865 r  inst_freqdiv/DividerCounter2_inferred__0/i__carry__1/CO[3]
                         net (fo=1, routed)           0.000     3.865    inst_freqdiv/DividerCounter2_inferred__0/i__carry__1_n_0
    SLICE_X63Y5          CARRY4 (Prop_carry4_CI_CO[3])
                                                      0.098     3.963 r  inst_freqdiv/DividerCounter2_inferred__0/i__carry__2/CO[3]
                         net (fo=3, routed)           0.819     4.782    inst_freqdiv/DividerMaxValue_reg[6]_2[0]
    SLICE_X62Y5          LUT6 (Prop_lut6_I3_O)        0.105     4.887 r  inst_freqdiv/DividerCounter[14]_i_1/O
                         net (fo=14, routed)          0.577     5.464    inst_freqdiv/DividerCounter[14]
    SLICE_X62Y3          FDRE                                         r  inst_freqdiv/DividerCounter_reg[8]/R
  -------------------------------------------------------------------    -------------------





Min Delay Paths
--------------------------------------------------------------------------------------
Slack:                    inf
  Source:                 inst_ph_cmp/cnt_reg[6]/C
                            (rising edge-triggered cell FDCE)
  Destination:            inst_ph_cmp/PeriodCount_reg[6]/D
  Path Group:             (none)
  Path Type:              Min at Fast Process Corner
  Data Path Delay:        0.260ns  (logic 0.141ns (54.291%)  route 0.119ns (45.709%))
  Logic Levels:           1  (FDCE=1)

    Location             Delay type                Incr(ns)  Path(ns)    Netlist Resource(s)
  -------------------------------------------------------------------    -------------------
    SLICE_X65Y7          FDCE                         0.000     0.000 r  inst_ph_cmp/cnt_reg[6]/C
    SLICE_X65Y7          FDCE (Prop_fdce_C_Q)         0.141     0.141 r  inst_ph_cmp/cnt_reg[6]/Q
                         net (fo=2, routed)           0.119     0.260    inst_ph_cmp/cnt_reg[6]
    SLICE_X64Y6          FDRE                                         r  inst_ph_cmp/PeriodCount_reg[6]/D
  -------------------------------------------------------------------    -------------------

Slack:                    inf
  Source:                 inst_ph_cmp/cnt_reg[4]/C
                            (rising edge-triggered cell FDCE)
  Destination:            inst_ph_cmp/PeriodCount_reg[4]/D
  Path Group:             (none)
  Path Type:              Min at Fast Process Corner
  Data Path Delay:        0.261ns  (logic 0.141ns (54.019%)  route 0.120ns (45.981%))
  Logic Levels:           1  (FDCE=1)

    Location             Delay type                Incr(ns)  Path(ns)    Netlist Resource(s)
  -------------------------------------------------------------------    -------------------
    SLICE_X65Y7          FDCE                         0.000     0.000 r  inst_ph_cmp/cnt_reg[4]/C
    SLICE_X65Y7          FDCE (Prop_fdce_C_Q)         0.141     0.141 r  inst_ph_cmp/cnt_reg[4]/Q
                         net (fo=2, routed)           0.120     0.261    inst_ph_cmp/cnt_reg[4]
    SLICE_X64Y6          FDRE                                         r  inst_ph_cmp/PeriodCount_reg[4]/D
  -------------------------------------------------------------------    -------------------

Slack:                    inf
  Source:                 inst_ph_cmp/cnt_reg[5]/C
                            (rising edge-triggered cell FDCE)
  Destination:            inst_ph_cmp/PeriodCount_reg[5]/D
  Path Group:             (none)
  Path Type:              Min at Fast Process Corner
  Data Path Delay:        0.261ns  (logic 0.141ns (54.019%)  route 0.120ns (45.981%))
  Logic Levels:           1  (FDCE=1)

    Location             Delay type                Incr(ns)  Path(ns)    Netlist Resource(s)
  -------------------------------------------------------------------    -------------------
    SLICE_X65Y7          FDCE                         0.000     0.000 r  inst_ph_cmp/cnt_reg[5]/C
    SLICE_X65Y7          FDCE (Prop_fdce_C_Q)         0.141     0.141 r  inst_ph_cmp/cnt_reg[5]/Q
                         net (fo=2, routed)           0.120     0.261    inst_ph_cmp/cnt_reg[5]
    SLICE_X64Y6          FDRE                                         r  inst_ph_cmp/PeriodCount_reg[5]/D
  -------------------------------------------------------------------    -------------------

Slack:                    inf
  Source:                 inst_ph_cmp/cnt_reg[7]/C
                            (rising edge-triggered cell FDCE)
  Destination:            inst_ph_cmp/PeriodCount_reg[7]/D
  Path Group:             (none)
  Path Type:              Min at Fast Process Corner
  Data Path Delay:        0.261ns  (logic 0.141ns (54.019%)  route 0.120ns (45.981%))
  Logic Levels:           1  (FDCE=1)

    Location             Delay type                Incr(ns)  Path(ns)    Netlist Resource(s)
  -------------------------------------------------------------------    -------------------
    SLICE_X65Y7          FDCE                         0.000     0.000 r  inst_ph_cmp/cnt_reg[7]/C
    SLICE_X65Y7          FDCE (Prop_fdce_C_Q)         0.141     0.141 r  inst_ph_cmp/cnt_reg[7]/Q
                         net (fo=2, routed)           0.120     0.261    inst_ph_cmp/cnt_reg[7]
    SLICE_X64Y6          FDRE                                         r  inst_ph_cmp/PeriodCount_reg[7]/D
  -------------------------------------------------------------------    -------------------

Slack:                    inf
  Source:                 inst_ph_cmp/PeriodCount_reg[7]/C
                            (rising edge-triggered cell FDRE)
  Destination:            inst_freqdiv/DividerMaxValue_reg[7]/D
  Path Group:             (none)
  Path Type:              Min at Fast Process Corner
  Data Path Delay:        0.261ns  (logic 0.148ns (56.600%)  route 0.113ns (43.400%))
  Logic Levels:           1  (FDRE=1)

    Location             Delay type                Incr(ns)  Path(ns)    Netlist Resource(s)
  -------------------------------------------------------------------    -------------------
    SLICE_X64Y6          FDRE                         0.000     0.000 r  inst_ph_cmp/PeriodCount_reg[7]/C
    SLICE_X64Y6          FDRE (Prop_fdre_C_Q)         0.148     0.148 r  inst_ph_cmp/PeriodCount_reg[7]/Q
                         net (fo=1, routed)           0.113     0.261    inst_freqdiv/Q[7]
    SLICE_X64Y5          FDRE                                         r  inst_freqdiv/DividerMaxValue_reg[7]/D
  -------------------------------------------------------------------    -------------------

Slack:                    inf
  Source:                 inst_ph_cmp/OutputSignalEdgeDet_reg[0]/C
                            (rising edge-triggered cell FDRE)
  Destination:            inst_ph_cmp/OutputSignalEdgeDet_reg[1]/D
  Path Group:             (none)
  Path Type:              Min at Fast Process Corner
  Data Path Delay:        0.263ns  (logic 0.141ns (53.640%)  route 0.122ns (46.360%))
  Logic Levels:           1  (FDRE=1)

    Location             Delay type                Incr(ns)  Path(ns)    Netlist Resource(s)
  -------------------------------------------------------------------    -------------------
    SLICE_X62Y6          FDRE                         0.000     0.000 r  inst_ph_cmp/OutputSignalEdgeDet_reg[0]/C
    SLICE_X62Y6          FDRE (Prop_fdre_C_Q)         0.141     0.141 r  inst_ph_cmp/OutputSignalEdgeDet_reg[0]/Q
                         net (fo=2, routed)           0.122     0.263    inst_ph_cmp/OutputSignalEdgeDet[0]
    SLICE_X63Y7          FDRE                                         r  inst_ph_cmp/OutputSignalEdgeDet_reg[1]/D
  -------------------------------------------------------------------    -------------------

Slack:                    inf
  Source:                 inst_ph_cmp/OutputSignalEdgeDet_reg[1]/C
                            (rising edge-triggered cell FDRE)
  Destination:            inst_ph_cmp/Lock_reg/D
  Path Group:             (none)
  Path Type:              Min at Fast Process Corner
  Data Path Delay:        0.278ns  (logic 0.186ns (66.799%)  route 0.092ns (33.201%))
  Logic Levels:           2  (FDRE=1 LUT2=1)

    Location             Delay type                Incr(ns)  Path(ns)    Netlist Resource(s)
  -------------------------------------------------------------------    -------------------
    SLICE_X63Y7          FDRE                         0.000     0.000 r  inst_ph_cmp/OutputSignalEdgeDet_reg[1]/C
    SLICE_X63Y7          FDRE (Prop_fdre_C_Q)         0.141     0.141 f  inst_ph_cmp/OutputSignalEdgeDet_reg[1]/Q
                         net (fo=1, routed)           0.092     0.233    inst_ph_cmp/OutputSignalEdgeDet[1]
    SLICE_X62Y7          LUT2 (Prop_lut2_I1_O)        0.045     0.278 r  inst_ph_cmp/Lock_i_1/O
                         net (fo=1, routed)           0.000     0.278    inst_ph_cmp/OutputSignalEdge
    SLICE_X62Y7          FDRE                                         r  inst_ph_cmp/Lock_reg/D
  -------------------------------------------------------------------    -------------------

Slack:                    inf
  Source:                 inst_ph_cmp/InputSignalEdgeDet_reg[0]/C
                            (rising edge-triggered cell FDRE)
  Destination:            inst_ph_cmp/InputSignalEdgeDet_reg[1]/D
  Path Group:             (none)
  Path Type:              Min at Fast Process Corner
  Data Path Delay:        0.283ns  (logic 0.141ns (49.815%)  route 0.142ns (50.185%))
  Logic Levels:           1  (FDRE=1)

    Location             Delay type                Incr(ns)  Path(ns)    Netlist Resource(s)
  -------------------------------------------------------------------    -------------------
    SLICE_X65Y8          FDRE                         0.000     0.000 r  inst_ph_cmp/InputSignalEdgeDet_reg[0]/C
    SLICE_X65Y8          FDRE (Prop_fdre_C_Q)         0.141     0.141 r  inst_ph_cmp/InputSignalEdgeDet_reg[0]/Q
                         net (fo=5, routed)           0.142     0.283    inst_ph_cmp/InputSignalEdgeDet[0]
    SLICE_X64Y7          FDRE                                         r  inst_ph_cmp/InputSignalEdgeDet_reg[1]/D
  -------------------------------------------------------------------    -------------------

Slack:                    inf
  Source:                 inst_ph_cmp/PeriodCount_reg[4]/C
                            (rising edge-triggered cell FDRE)
  Destination:            inst_freqdiv/DividerMaxValue_reg[4]/D
  Path Group:             (none)
  Path Type:              Min at Fast Process Corner
  Data Path Delay:        0.316ns  (logic 0.148ns (46.816%)  route 0.168ns (53.184%))
  Logic Levels:           1  (FDRE=1)

    Location             Delay type                Incr(ns)  Path(ns)    Netlist Resource(s)
  -------------------------------------------------------------------    -------------------
    SLICE_X64Y6          FDRE                         0.000     0.000 r  inst_ph_cmp/PeriodCount_reg[4]/C
    SLICE_X64Y6          FDRE (Prop_fdre_C_Q)         0.148     0.148 r  inst_ph_cmp/PeriodCount_reg[4]/Q
                         net (fo=1, routed)           0.168     0.316    inst_freqdiv/Q[4]
    SLICE_X64Y5          FDRE                                         r  inst_freqdiv/DividerMaxValue_reg[4]/D
  -------------------------------------------------------------------    -------------------

Slack:                    inf
  Source:                 inst_ph_cmp/PeriodCount_reg[5]/C
                            (rising edge-triggered cell FDRE)
  Destination:            inst_freqdiv/DividerMaxValue_reg[5]/D
  Path Group:             (none)
  Path Type:              Min at Fast Process Corner
  Data Path Delay:        0.317ns  (logic 0.148ns (46.621%)  route 0.169ns (53.379%))
  Logic Levels:           1  (FDRE=1)

    Location             Delay type                Incr(ns)  Path(ns)    Netlist Resource(s)
  -------------------------------------------------------------------    -------------------
    SLICE_X64Y6          FDRE                         0.000     0.000 r  inst_ph_cmp/PeriodCount_reg[5]/C
    SLICE_X64Y6          FDRE (Prop_fdre_C_Q)         0.148     0.148 r  inst_ph_cmp/PeriodCount_reg[5]/Q
                         net (fo=1, routed)           0.169     0.317    inst_freqdiv/Q[5]
    SLICE_X64Y5          FDRE                                         r  inst_freqdiv/DividerMaxValue_reg[5]/D
  -------------------------------------------------------------------    -------------------





